ARM Linker, 5.03 [Build 76] [MDK-ARM Standard][RL-ARM]

==============================================================================

Section Cross References

    stmpe1600.o(i.stmpe1600_DisableGlobalIT) refers to stm324x9i_eval.o(i.IOE_ReadMultiple) for IOE_ReadMultiple
    stmpe1600.o(i.stmpe1600_DisableGlobalIT) refers to stm324x9i_eval.o(i.IOE_WriteMultiple) for IOE_WriteMultiple
    stmpe1600.o(i.stmpe1600_DisableGlobalIT) refers to stmpe1600.o(.data) for .data
    stmpe1600.o(i.stmpe1600_EnableGlobalIT) refers to stm324x9i_eval.o(i.IOE_ITConfig) for IOE_ITConfig
    stmpe1600.o(i.stmpe1600_EnableGlobalIT) refers to stm324x9i_eval.o(i.IOE_ReadMultiple) for IOE_ReadMultiple
    stmpe1600.o(i.stmpe1600_EnableGlobalIT) refers to stm324x9i_eval.o(i.IOE_WriteMultiple) for IOE_WriteMultiple
    stmpe1600.o(i.stmpe1600_EnableGlobalIT) refers to stmpe1600.o(.data) for .data
    stmpe1600.o(i.stmpe1600_GetInstance) refers to stmpe1600.o(.data) for .data
    stmpe1600.o(i.stmpe1600_IO_ClearIT) refers to stm324x9i_eval.o(i.IOE_ReadMultiple) for IOE_ReadMultiple
    stmpe1600.o(i.stmpe1600_IO_Config) refers to stmpe1600.o(i.stmpe1600_SetITPolarity) for stmpe1600_SetITPolarity
    stmpe1600.o(i.stmpe1600_IO_Config) refers to stmpe1600.o(i.stmpe1600_IO_EnablePinIT) for stmpe1600_IO_EnablePinIT
    stmpe1600.o(i.stmpe1600_IO_Config) refers to stmpe1600.o(i.stmpe1600_IO_InitPin) for stmpe1600_IO_InitPin
    stmpe1600.o(i.stmpe1600_IO_Config) refers to stmpe1600.o(i.stmpe1600_IO_ClearIT) for stmpe1600_IO_ClearIT
    stmpe1600.o(i.stmpe1600_IO_Config) refers to stm324x9i_eval.o(i.IOE_ReadMultiple) for IOE_ReadMultiple
    stmpe1600.o(i.stmpe1600_IO_Config) refers to stmpe1600.o(i.stmpe1600_IO_DisablePinIT) for stmpe1600_IO_DisablePinIT
    stmpe1600.o(i.stmpe1600_IO_DisablePinIT) refers to stm324x9i_eval.o(i.IOE_ReadMultiple) for IOE_ReadMultiple
    stmpe1600.o(i.stmpe1600_IO_DisablePinIT) refers to stm324x9i_eval.o(i.IOE_WriteMultiple) for IOE_WriteMultiple
    stmpe1600.o(i.stmpe1600_IO_DisablePinIT) refers to stmpe1600.o(.data) for .data
    stmpe1600.o(i.stmpe1600_IO_EnablePinIT) refers to stmpe1600.o(i.stmpe1600_EnableGlobalIT) for stmpe1600_EnableGlobalIT
    stmpe1600.o(i.stmpe1600_IO_EnablePinIT) refers to stm324x9i_eval.o(i.IOE_ReadMultiple) for IOE_ReadMultiple
    stmpe1600.o(i.stmpe1600_IO_EnablePinIT) refers to stm324x9i_eval.o(i.IOE_WriteMultiple) for IOE_WriteMultiple
    stmpe1600.o(i.stmpe1600_IO_EnablePinIT) refers to stmpe1600.o(.data) for .data
    stmpe1600.o(i.stmpe1600_IO_ITStatus) refers to stm324x9i_eval.o(i.IOE_ReadMultiple) for IOE_ReadMultiple
    stmpe1600.o(i.stmpe1600_IO_ITStatus) refers to stmpe1600.o(.data) for .data
    stmpe1600.o(i.stmpe1600_IO_InitPin) refers to stm324x9i_eval.o(i.IOE_ReadMultiple) for IOE_ReadMultiple
    stmpe1600.o(i.stmpe1600_IO_InitPin) refers to stm324x9i_eval.o(i.IOE_WriteMultiple) for IOE_WriteMultiple
    stmpe1600.o(i.stmpe1600_IO_InitPin) refers to stmpe1600.o(.data) for .data
    stmpe1600.o(i.stmpe1600_IO_PolarityInv_Disable) refers to stm324x9i_eval.o(i.IOE_ReadMultiple) for IOE_ReadMultiple
    stmpe1600.o(i.stmpe1600_IO_PolarityInv_Disable) refers to stm324x9i_eval.o(i.IOE_WriteMultiple) for IOE_WriteMultiple
    stmpe1600.o(i.stmpe1600_IO_PolarityInv_Disable) refers to stmpe1600.o(.data) for .data
    stmpe1600.o(i.stmpe1600_IO_PolarityInv_Enable) refers to stm324x9i_eval.o(i.IOE_ReadMultiple) for IOE_ReadMultiple
    stmpe1600.o(i.stmpe1600_IO_PolarityInv_Enable) refers to stm324x9i_eval.o(i.IOE_WriteMultiple) for IOE_WriteMultiple
    stmpe1600.o(i.stmpe1600_IO_PolarityInv_Enable) refers to stmpe1600.o(.data) for .data
    stmpe1600.o(i.stmpe1600_IO_ReadIT) refers to stm324x9i_eval.o(i.IOE_ReadMultiple) for IOE_ReadMultiple
    stmpe1600.o(i.stmpe1600_IO_ReadIT) refers to stmpe1600.o(.data) for .data
    stmpe1600.o(i.stmpe1600_IO_ReadPin) refers to stm324x9i_eval.o(i.IOE_ReadMultiple) for IOE_ReadMultiple
    stmpe1600.o(i.stmpe1600_IO_ReadPin) refers to stmpe1600.o(.data) for .data
    stmpe1600.o(i.stmpe1600_IO_WritePin) refers to stm324x9i_eval.o(i.IOE_ReadMultiple) for IOE_ReadMultiple
    stmpe1600.o(i.stmpe1600_IO_WritePin) refers to stm324x9i_eval.o(i.IOE_WriteMultiple) for IOE_WriteMultiple
    stmpe1600.o(i.stmpe1600_IO_WritePin) refers to stmpe1600.o(.data) for .data
    stmpe1600.o(i.stmpe1600_Init) refers to stmpe1600.o(i.stmpe1600_GetInstance) for stmpe1600_GetInstance
    stmpe1600.o(i.stmpe1600_Init) refers to stm324x9i_eval.o(i.IOE_Init) for IOE_Init
    stmpe1600.o(i.stmpe1600_Init) refers to stmpe1600.o(i.stmpe1600_Reset) for stmpe1600_Reset
    stmpe1600.o(i.stmpe1600_Init) refers to stmpe1600.o(.data) for .data
    stmpe1600.o(i.stmpe1600_ReadID) refers to stm324x9i_eval.o(i.IOE_Init) for IOE_Init
    stmpe1600.o(i.stmpe1600_ReadID) refers to stm324x9i_eval.o(i.IOE_ReadMultiple) for IOE_ReadMultiple
[...]
    Removing stm324x9i_eval_lcd.o(.constdata), (1140 bytes).
    Removing stm324x9i_eval_lcd.o(.constdata), (760 bytes).
    Removing stm324x9i_eval_lcd.o(.data), (8 bytes).
    Removing stm324x9i_eval_lcd.o(.data), (8 bytes).
    Removing stm324x9i_eval_lcd.o(.data), (8 bytes).
    Removing stm324x9i_eval_lcd.o(.data), (8 bytes).
    Removing system_stm32f4xx.o(.rev16_text), (4 bytes).
    Removing system_stm32f4xx.o(.revsh_text), (4 bytes).
    Removing system_stm32f4xx.o(i.SystemCoreClockUpdate), (124 bytes).
    Removing stm32f4xx_hal.o(.rev16_text), (4 bytes).
    Removing stm32f4xx_hal.o(.revsh_text), (4 bytes).
    Removing stm32f4xx_hal.o(i.HAL_DeInit), (52 bytes).
    Removing stm32f4xx_hal.o(i.HAL_DisableCompensationCell), (12 bytes).
    Removing stm32f4xx_hal.o(i.HAL_DisableDBGSleepMode), (16 bytes).
    Removing stm32f4xx_hal.o(i.HAL_DisableDBGStandbyMode), (16 bytes).
    Removing stm32f4xx_hal.o(i.HAL_DisableDBGStopMode), (16 bytes).
    Removing stm32f4xx_hal.o(i.HAL_DisableMemorySwappingBank), (12 bytes).
    Removing stm32f4xx_hal.o(i.HAL_EnableCompensationCell), (12 bytes).
    Removing stm32f4xx_hal.o(i.HAL_EnableDBGSleepMode), (16 bytes).
    Removing stm32f4xx_hal.o(i.HAL_EnableDBGStandbyMode), (16 bytes).
    Removing stm32f4xx_hal.o(i.HAL_EnableDBGStopMode), (16 bytes).
    Removing stm32f4xx_hal.o(i.HAL_EnableMemorySwappingBank), (12 bytes).
    Removing stm32f4xx_hal.o(i.HAL_GetDEVID), (16 bytes).
    Removing stm32f4xx_hal.o(i.HAL_GetHalVersion), (8 bytes).
    Removing stm32f4xx_hal.o(i.HAL_GetREVID), (12 bytes).
    Removing stm32f4xx_hal.o(i.HAL_MspDeInit), (2 bytes).
    Removing stm32f4xx_hal.o(i.HAL_ResumeTick), (14 bytes).
    Removing stm32f4xx_hal.o(i.HAL_SuspendTick), (14 bytes).
    Removing stm32f4xx_hal_cortex.o(.rev16_text), (4 bytes).
    Removing stm32f4xx_hal_cortex.o(.revsh_text), (4 bytes).
    Removing stm32f4xx_hal_cortex.o(i.HAL_NVIC_ClearPendingIRQ), (24 bytes).
    Removing stm32f4xx_hal_cortex.o(i.HAL_NVIC_DisableIRQ), (24 bytes).
    Removing stm32f4xx_hal_cortex.o(i.HAL_NVIC_GetActive), (34 bytes).
    Removing stm32f4xx_hal_cortex.o(i.HAL_NVIC_GetPendingIRQ), (34 bytes).
    Removing stm32f4xx_hal_cortex.o(i.HAL_NVIC_GetPriority), (80 bytes).
    Removing stm32f4xx_hal_cortex.o(i.HAL_NVIC_GetPriorityGrouping), (16 bytes).
    Removing stm32f4xx_hal_cortex.o(i.HAL_NVIC_SetPendingIRQ), (24 bytes).
    Removing stm32f4xx_hal_cortex.o(i.HAL_NVIC_SystemReset), (32 bytes).
    Removing stm32f4xx_hal_cortex.o(i.HAL_SYSTICK_CLKSourceConfig), (24 bytes).
    Removing stm32f4xx_hal_cortex.o(i.HAL_SYSTICK_Callback), (2 bytes).
    Removing stm32f4xx_hal_cortex.o(i.HAL_SYSTICK_IRQHandler), (8 bytes).
    Removing stm32f4xx_hal_dma.o(.rev16_text), (4 bytes).
    Removing stm32f4xx_hal_dma.o(.revsh_text), (4 bytes).
    Removing stm32f4xx_hal_dma.o(i.DMA_SetConfig), (30 bytes).
    Removing stm32f4xx_hal_dma.o(i.HAL_DMA_Abort), (82 bytes).
    Removing stm32f4xx_hal_dma.o(i.HAL_DMA_GetError), (4 bytes).
    Removing stm32f4xx_hal_dma.o(i.HAL_DMA_GetState), (6 bytes).
    Removing stm32f4xx_hal_dma.o(i.HAL_DMA_IRQHandler), (3948 bytes).
    Removing stm32f4xx_hal_dma.o(i.HAL_DMA_PollForTransfer), (4744 bytes).
    Removing stm32f4xx_hal_dma.o(i.HAL_DMA_Start), (58 bytes).
    Removing stm32f4xx_hal_dma.o(i.HAL_DMA_Start_IT), (108 bytes).
    Removing stm32f4xx_hal_dma_ex.o(.rev16_text), (4 bytes).
    Removing stm32f4xx_hal_dma_ex.o(.revsh_text), (4 bytes).
    Removing stm32f4xx_hal_dma_ex.o(i.DMA_MultiBufferSetConfig), (30 bytes).
    Removing stm32f4xx_hal_dma_ex.o(i.HAL_DMAEx_ChangeMemory), (14 bytes).
    Removing stm32f4xx_hal_dma_ex.o(i.HAL_DMAEx_MultiBufferStart), (92 bytes).
    Removing stm32f4xx_hal_dma_ex.o(i.HAL_DMAEx_MultiBufferStart_IT), (142 bytes).
    Removing stm32f4xx_hal_flash.o(.rev16_text), (4 bytes).
    Removing stm32f4xx_hal_flash.o(.revsh_text), (4 bytes).
    Removing stm32f4xx_hal_flash.o(i.FLASH_Program_Byte), (32 bytes).
    Removing stm32f4xx_hal_flash.o(i.FLASH_Program_DoubleWord), (40 bytes).
    Removing stm32f4xx_hal_flash.o(i.FLASH_Program_HalfWord), (36 bytes).
    Removing stm32f4xx_hal_flash.o(i.FLASH_Program_Word), (36 bytes).
    Removing stm32f4xx_hal_flash.o(i.FLASH_SetErrorCode), (96 bytes).
    Removing stm32f4xx_hal_flash.o(i.FLASH_WaitForLastOperation), (60 bytes).
    Removing stm32f4xx_hal_flash.o(i.HAL_FLASH_EndOfOperationCallback), (2 bytes).
    Removing stm32f4xx_hal_flash.o(i.HAL_FLASH_GetError), (12 bytes).
    Removing stm32f4xx_hal_flash.o(i.HAL_FLASH_IRQHandler), (256 bytes).
    Removing stm32f4xx_hal_flash.o(i.HAL_FLASH_Lock), (20 bytes).
    Removing stm32f4xx_hal_flash.o(i.HAL_FLASH_OB_Launch), (24 bytes).
    Removing stm32f4xx_hal_flash.o(i.HAL_FLASH_OB_Lock), (20 bytes).
    Removing stm32f4xx_hal_flash.o(i.HAL_FLASH_OB_Unlock), (40 bytes).
    Removing stm32f4xx_hal_flash.o(i.HAL_FLASH_OperationErrorCallback), (2 bytes).
    Removing stm32f4xx_hal_flash.o(i.HAL_FLASH_Program), (124 bytes).
    Removing stm32f4xx_hal_flash.o(i.HAL_FLASH_Program_IT), (116 bytes).
    Removing stm32f4xx_hal_flash.o(i.HAL_FLASH_Unlock), (40 bytes).
    Removing stm32f4xx_hal_flash.o(.bss), (28 bytes).
    Removing stm32f4xx_hal_flash_ex.o(.rev16_text), (4 bytes).
    Removing stm32f4xx_hal_flash_ex.o(.revsh_text), (4 bytes).
    Removing stm32f4xx_hal_flash_ex.o(i.FLASH_Erase_Sector), (96 bytes).
    Removing stm32f4xx_hal_flash_ex.o(i.FLASH_MassErase), (60 bytes).
    Removing stm32f4xx_hal_flash_ex.o(i.FLASH_OB_DisableWRP), (112 bytes).
    Removing stm32f4xx_hal_flash_ex.o(i.FLASH_OB_EnableWRP), (116 bytes).
    Removing stm32f4xx_hal_flash_ex.o(i.HAL_FLASHEx_AdvOBGetConfig), (28 bytes).
    Removing stm32f4xx_hal_flash_ex.o(i.HAL_FLASHEx_AdvOBProgram), (188 bytes).
    Removing stm32f4xx_hal_flash_ex.o(i.HAL_FLASHEx_Erase), (152 bytes).
    Removing stm32f4xx_hal_flash_ex.o(i.HAL_FLASHEx_Erase_IT), (104 bytes).
    Removing stm32f4xx_hal_flash_ex.o(i.HAL_FLASHEx_OBGetConfig), (52 bytes).
    Removing stm32f4xx_hal_flash_ex.o(i.HAL_FLASHEx_OBProgram), (184 bytes).
    Removing stm32f4xx_hal_flash_ex.o(i.HAL_FLASHEx_OB_DeSelectPCROP), (20 bytes).
    Removing stm32f4xx_hal_flash_ex.o(i.HAL_FLASHEx_OB_GetBank2WRP), (12 bytes).
    Removing stm32f4xx_hal_flash_ex.o(i.HAL_FLASHEx_OB_SelectPCROP), (24 bytes).
    Removing stm32f4xx_hal_gpio.o(.rev16_text), (4 bytes).
    Removing stm32f4xx_hal_gpio.o(.revsh_text), (4 bytes).
    Removing stm32f4xx_hal_gpio.o(i.HAL_GPIO_DeInit), (160 bytes).
    Removing stm32f4xx_hal_gpio.o(i.HAL_GPIO_EXTI_Callback), (2 bytes).
    Removing stm32f4xx_hal_gpio.o(i.HAL_GPIO_EXTI_IRQHandler), (24 bytes).
    Removing stm32f4xx_hal_gpio.o(i.HAL_GPIO_LockPin), (34 bytes).
    Removing stm32f4xx_hal_gpio.o(i.HAL_GPIO_ReadPin), (10 bytes).
    Removing stm32f4xx_hal_gpio.o(i.HAL_GPIO_TogglePin), (8 bytes).
    Removing stm32f4xx_hal_i2c.o(.rev16_text), (4 bytes).
    Removing stm32f4xx_hal_i2c.o(.revsh_text), (4 bytes).
    Removing stm32f4xx_hal_i2c.o(i.HAL_I2C_DeInit), (44 bytes).
    Removing stm32f4xx_hal_i2c.o(i.HAL_I2C_ER_IRQHandler), (256 bytes).
    Removing stm32f4xx_hal_i2c.o(i.HAL_I2C_EV_IRQHandler), (400 bytes).
    Removing stm32f4xx_hal_i2c.o(i.HAL_I2C_ErrorCallback), (2 bytes).
    Removing stm32f4xx_hal_i2c.o(i.HAL_I2C_GetError), (6 bytes).
    Removing stm32f4xx_hal_i2c.o(i.HAL_I2C_GetState), (6 bytes).
    Removing stm32f4xx_hal_i2c.o(i.HAL_I2C_Init), (248 bytes).
    Removing stm32f4xx_hal_i2c.o(i.HAL_I2C_IsDeviceReady), (288 bytes).
    Removing stm32f4xx_hal_i2c.o(i.HAL_I2C_MasterRxCpltCallback), (2 bytes).
    Removing stm32f4xx_hal_i2c.o(i.HAL_I2C_MasterTxCpltCallback), (2 bytes).
    Removing stm32f4xx_hal_i2c.o(i.HAL_I2C_Master_Receive), (448 bytes).
    Removing stm32f4xx_hal_i2c.o(i.HAL_I2C_Master_Receive_DMA), (184 bytes).
    Removing stm32f4xx_hal_i2c.o(i.HAL_I2C_Master_Receive_IT), (180 bytes).
    Removing stm32f4xx_hal_i2c.o(i.HAL_I2C_Master_Transmit), (224 bytes).
    Removing stm32f4xx_hal_i2c.o(i.HAL_I2C_Master_Transmit_DMA), (160 bytes).
    Removing stm32f4xx_hal_i2c.o(i.HAL_I2C_Master_Transmit_IT), (112 bytes).
    Removing stm32f4xx_hal_i2c.o(i.HAL_I2C_MemRxCpltCallback), (2 bytes).
    Removing stm32f4xx_hal_i2c.o(i.HAL_I2C_MemTxCpltCallback), (2 bytes).
    Removing stm32f4xx_hal_i2c.o(i.HAL_I2C_Mem_Read), (440 bytes).
    Removing stm32f4xx_hal_i2c.o(i.HAL_I2C_Mem_Read_DMA), (196 bytes).
    Removing stm32f4xx_hal_i2c.o(i.HAL_I2C_Mem_Read_IT), (184 bytes).
    Removing stm32f4xx_hal_i2c.o(i.HAL_I2C_Mem_Write), (220 bytes).
    Removing stm32f4xx_hal_i2c.o(i.HAL_I2C_Mem_Write_DMA), (164 bytes).
    Removing stm32f4xx_hal_i2c.o(i.HAL_I2C_Mem_Write_IT), (114 bytes).
    Removing stm32f4xx_hal_i2c.o(i.HAL_I2C_MspDeInit), (2 bytes).
    Removing stm32f4xx_hal_i2c.o(i.HAL_I2C_MspInit), (2 bytes).
    Removing stm32f4xx_hal_i2c.o(i.HAL_I2C_SlaveRxCpltCallback), (2 bytes).
    Removing stm32f4xx_hal_i2c.o(i.HAL_I2C_SlaveTxCpltCallback), (2 bytes).
    Removing stm32f4xx_hal_i2c.o(i.HAL_I2C_Slave_Receive), (244 bytes).
    Removing stm32f4xx_hal_i2c.o(i.HAL_I2C_Slave_Receive_DMA), (164 bytes).
    Removing stm32f4xx_hal_i2c.o(i.HAL_I2C_Slave_Receive_IT), (86 bytes).
    Removing stm32f4xx_hal_i2c.o(i.HAL_I2C_Slave_Transmit), (276 bytes).
    Removing stm32f4xx_hal_i2c.o(i.HAL_I2C_Slave_Transmit_DMA), (200 bytes).
    Removing stm32f4xx_hal_i2c.o(i.HAL_I2C_Slave_Transmit_IT), (86 bytes).
    Removing stm32f4xx_hal_i2c.o(i.I2C_DMAError), (42 bytes).
    Removing stm32f4xx_hal_i2c.o(i.I2C_DMAMasterReceiveCplt), (108 bytes).
    Removing stm32f4xx_hal_i2c.o(i.I2C_DMAMasterTransmitCplt), (116 bytes).
    Removing stm32f4xx_hal_i2c.o(i.I2C_DMAMemReceiveCplt), (108 bytes).
    Removing stm32f4xx_hal_i2c.o(i.I2C_DMAMemTransmitCplt), (116 bytes).
    Removing stm32f4xx_hal_i2c.o(i.I2C_DMASlaveReceiveCplt), (128 bytes).
    Removing stm32f4xx_hal_i2c.o(i.I2C_DMASlaveTransmitCplt), (124 bytes).
    Removing stm32f4xx_hal_i2c.o(i.I2C_MasterReceive_BTF), (156 bytes).
    Removing stm32f4xx_hal_i2c.o(i.I2C_MasterReceive_RXNE), (128 bytes).
    Removing stm32f4xx_hal_i2c.o(i.I2C_MasterRequestRead), (188 bytes).
    Removing stm32f4xx_hal_i2c.o(i.I2C_MasterRequestWrite), (120 bytes).
    Removing stm32f4xx_hal_i2c.o(i.I2C_MasterTransmit_BTF), (100 bytes).
    Removing stm32f4xx_hal_i2c.o(i.I2C_RequestMemoryRead), (224 bytes).
    Removing stm32f4xx_hal_i2c.o(i.I2C_RequestMemoryWrite), (144 bytes).
    Removing stm32f4xx_hal_i2c.o(i.I2C_WaitOnFlagUntilTimeout), (138 bytes).
    Removing stm32f4xx_hal_i2c.o(i.I2C_WaitOnMasterAddressFlagUntilTimeout), (136 bytes).
    Removing stm32f4xx_hal_pwr.o(.rev16_text), (4 bytes).
    Removing stm32f4xx_hal_pwr.o(.revsh_text), (4 bytes).
    Removing stm32f4xx_hal_pwr.o(i.HAL_PWR_DeInit), (24 bytes).
    Removing stm32f4xx_hal_pwr.o(i.HAL_PWR_DisableBkUpAccess), (12 bytes).
    Removing stm32f4xx_hal_pwr.o(i.HAL_PWR_DisablePVD), (12 bytes).
    Removing stm32f4xx_hal_pwr.o(i.HAL_PWR_DisableWakeUpPin), (12 bytes).
    Removing stm32f4xx_hal_pwr.o(i.HAL_PWR_EnableBkUpAccess), (12 bytes).
    Removing stm32f4xx_hal_pwr.o(i.HAL_PWR_EnablePVD), (12 bytes).
    Removing stm32f4xx_hal_pwr.o(i.HAL_PWR_EnableWakeUpPin), (12 bytes).
    Removing stm32f4xx_hal_pwr.o(i.HAL_PWR_EnterSLEEPMode), (16 bytes).
    Removing stm32f4xx_hal_pwr.o(i.HAL_PWR_EnterSTANDBYMode), (32 bytes).
    Removing stm32f4xx_hal_pwr.o(i.HAL_PWR_EnterSTOPMode), (52 bytes).
    Removing stm32f4xx_hal_pwr.o(i.HAL_PWR_PVDCallback), (2 bytes).
    Removing stm32f4xx_hal_pwr.o(i.HAL_PWR_PVDConfig), (108 bytes).
    Removing stm32f4xx_hal_pwr.o(i.HAL_PWR_PVD_IRQHandler), (28 bytes).
    Removing stm32f4xx_hal_pwr_ex.o(.rev16_text), (4 bytes).
    Removing stm32f4xx_hal_pwr_ex.o(.revsh_text), (4 bytes).
    Removing stm32f4xx_hal_pwr_ex.o(i.HAL_PWREx_DeactivateOverDrive), (104 bytes).
    Removing stm32f4xx_hal_pwr_ex.o(i.HAL_PWREx_DisableBkUpReg), (60 bytes).
    Removing stm32f4xx_hal_pwr_ex.o(i.HAL_PWREx_DisableFlashPowerDown), (12 bytes).
    Removing stm32f4xx_hal_pwr_ex.o(i.HAL_PWREx_EnableBkUpReg), (60 bytes).
    Removing stm32f4xx_hal_pwr_ex.o(i.HAL_PWREx_EnableFlashPowerDown), (12 bytes).
    Removing stm32f4xx_hal_pwr_ex.o(i.HAL_PWREx_EnterUnderDriveSTOPMode), (132 bytes).
    Removing stm32f4xx_hal_rcc.o(.rev16_text), (4 bytes).
    Removing stm32f4xx_hal_rcc.o(.revsh_text), (4 bytes).
    Removing stm32f4xx_hal_rcc.o(i.HAL_RCC_CCSCallback), (2 bytes).
    Removing stm32f4xx_hal_rcc.o(i.HAL_RCC_DeInit), (88 bytes).
    Removing stm32f4xx_hal_rcc.o(i.HAL_RCC_DisableCSS), (12 bytes).
    Removing stm32f4xx_hal_rcc.o(i.HAL_RCC_EnableCSS), (12 bytes).
    Removing stm32f4xx_hal_rcc.o(i.HAL_RCC_GetClockConfig), (64 bytes).
    Removing stm32f4xx_hal_rcc.o(i.HAL_RCC_GetOscConfig), (224 bytes).
    Removing stm32f4xx_hal_rcc.o(i.HAL_RCC_GetPCLK1Freq), (44 bytes).
    Removing stm32f4xx_hal_rcc.o(i.HAL_RCC_GetPCLK2Freq), (44 bytes).
    Removing stm32f4xx_hal_rcc.o(i.HAL_RCC_MCOConfig), (116 bytes).
    Removing stm32f4xx_hal_rcc.o(i.HAL_RCC_NMI_IRQHandler), (28 bytes).
    Removing stm32f4xx_hal_rtc.o(.rev16_text), (4 bytes).
    Removing stm32f4xx_hal_rtc.o(.revsh_text), (4 bytes).
    Removing stm32f4xx_hal_rtc.o(i.HAL_RTC_AlarmAEventCallback), (2 bytes).
    Removing stm32f4xx_hal_rtc.o(i.HAL_RTC_AlarmIRQHandler), (92 bytes).
    Removing stm32f4xx_hal_rtc.o(i.HAL_RTC_DeInit), (212 bytes).
    Removing stm32f4xx_hal_rtc.o(i.HAL_RTC_DeactivateAlarm), (178 bytes).
    Removing stm32f4xx_hal_rtc.o(i.HAL_RTC_GetAlarm), (126 bytes).
    Removing stm32f4xx_hal_rtc.o(i.HAL_RTC_GetState), (4 bytes).
    Removing stm32f4xx_hal_rtc.o(i.HAL_RTC_MspDeInit), (2 bytes).
    Removing stm32f4xx_hal_rtc.o(i.HAL_RTC_MspInit), (2 bytes).
    Removing stm32f4xx_hal_rtc.o(i.HAL_RTC_PollForAlarmAEvent), (66 bytes).
    Removing stm32f4xx_hal_rtc.o(i.HAL_RTC_SetAlarm), (348 bytes).
    Removing stm32f4xx_hal_rtc.o(i.HAL_RTC_SetAlarm_IT), (400 bytes).
    Removing stm32f4xx_hal_rtc_ex.o(.rev16_text), (4 bytes).
    Removing stm32f4xx_hal_rtc_ex.o(.revsh_text), (4 bytes).
    Removing stm32f4xx_hal_rtc_ex.o(i.HAL_RTCEx_AlarmBEventCallback), (2 bytes).
    Removing stm32f4xx_hal_rtc_ex.o(i.HAL_RTCEx_DeactivateCalibrationOutPut), (56 bytes).
    Removing stm32f4xx_hal_rtc_ex.o(i.HAL_RTCEx_DeactivateCoarseCalib), (96 bytes).
    Removing stm32f4xx_hal_rtc_ex.o(i.HAL_RTCEx_DeactivateRefClock), (96 bytes).
    Removing stm32f4xx_hal_rtc_ex.o(i.HAL_RTCEx_DeactivateTamper), (38 bytes).
    Removing stm32f4xx_hal_rtc_ex.o(i.HAL_RTCEx_DeactivateTimeStamp), (70 bytes).
    Removing stm32f4xx_hal_rtc_ex.o(i.HAL_RTCEx_DeactivateWakeUpTimer), (122 bytes).
    Removing stm32f4xx_hal_rtc_ex.o(i.HAL_RTCEx_DisableBypassShadow), (56 bytes).
    Removing stm32f4xx_hal_rtc_ex.o(i.HAL_RTCEx_EnableBypassShadow), (56 bytes).
    Removing stm32f4xx_hal_rtc_ex.o(i.HAL_RTCEx_GetTimeStamp), (152 bytes).
    Removing stm32f4xx_hal_rtc_ex.o(i.HAL_RTCEx_GetWakeUpTimer), (8 bytes).
    Removing stm32f4xx_hal_rtc_ex.o(i.HAL_RTCEx_PollForAlarmBEvent), (66 bytes).
    Removing stm32f4xx_hal_rtc_ex.o(i.HAL_RTCEx_PollForTamper1Event), (66 bytes).
    Removing stm32f4xx_hal_rtc_ex.o(i.HAL_RTCEx_PollForTamper2Event), (66 bytes).
    Removing stm32f4xx_hal_rtc_ex.o(i.HAL_RTCEx_PollForTimeStampEvent), (78 bytes).
    Removing stm32f4xx_hal_rtc_ex.o(i.HAL_RTCEx_PollForWakeUpTimerEvent), (66 bytes).
    Removing stm32f4xx_hal_rtc_ex.o(i.HAL_RTCEx_SetCalibrationOutPut), (76 bytes).
    Removing stm32f4xx_hal_rtc_ex.o(i.HAL_RTCEx_SetCoarseCalib), (110 bytes).
    Removing stm32f4xx_hal_rtc_ex.o(i.HAL_RTCEx_SetRefClock), (96 bytes).
    Removing stm32f4xx_hal_rtc_ex.o(i.HAL_RTCEx_SetSmoothCalib), (130 bytes).
    Removing stm32f4xx_hal_rtc_ex.o(i.HAL_RTCEx_SetSynchroShift), (154 bytes).
    Removing stm32f4xx_hal_rtc_ex.o(i.HAL_RTCEx_SetTamper), (104 bytes).
    Removing stm32f4xx_hal_rtc_ex.o(i.HAL_RTCEx_SetTamper_IT), (136 bytes).
    Removing stm32f4xx_hal_rtc_ex.o(i.HAL_RTCEx_SetTimeStamp), (90 bytes).
    Removing stm32f4xx_hal_rtc_ex.o(i.HAL_RTCEx_SetTimeStamp_IT), (128 bytes).
    Removing stm32f4xx_hal_rtc_ex.o(i.HAL_RTCEx_SetWakeUpTimer), (154 bytes).
    Removing stm32f4xx_hal_rtc_ex.o(i.HAL_RTCEx_SetWakeUpTimer_IT), (192 bytes).
    Removing stm32f4xx_hal_rtc_ex.o(i.HAL_RTCEx_Tamper1EventCallback), (2 bytes).
    Removing stm32f4xx_hal_rtc_ex.o(i.HAL_RTCEx_Tamper2EventCallback), (2 bytes).
    Removing stm32f4xx_hal_rtc_ex.o(i.HAL_RTCEx_TamperTimeStampIRQHandler), (124 bytes).
    Removing stm32f4xx_hal_rtc_ex.o(i.HAL_RTCEx_TimeStampEventCallback), (2 bytes).
    Removing stm32f4xx_hal_rtc_ex.o(i.HAL_RTCEx_WakeUpTimerEventCallback), (2 bytes).
    Removing stm32f4xx_hal_rtc_ex.o(i.HAL_RTCEx_WakeUpTimerIRQHandler), (56 bytes).
    Removing stm32f4xx_hal_sram.o(.rev16_text), (4 bytes).
    Removing stm32f4xx_hal_sram.o(.revsh_text), (4 bytes).
    Removing stm32f4xx_hal_uart.o(.rev16_text), (4 bytes).
    Removing stm32f4xx_hal_uart.o(.revsh_text), (4 bytes).
    Removing stm32f4xx_hal_uart.o(i.HAL_HalfDuplex_EnableReceiver), (48 bytes).
    Removing stm32f4xx_hal_uart.o(i.HAL_HalfDuplex_EnableTransmitter), (48 bytes).
    Removing stm32f4xx_hal_uart.o(i.HAL_HalfDuplex_Init), (102 bytes).
    Removing stm32f4xx_hal_uart.o(i.HAL_LIN_Init), (122 bytes).
    Removing stm32f4xx_hal_uart.o(i.HAL_LIN_SendBreak), (44 bytes).
    Removing stm32f4xx_hal_uart.o(i.HAL_MultiProcessor_EnterMuteMode), (44 bytes).
    Removing stm32f4xx_hal_uart.o(i.HAL_MultiProcessor_ExitMuteMode), (44 bytes).
    Removing stm32f4xx_hal_uart.o(i.HAL_MultiProcessor_Init), (132 bytes).
    Removing stm32f4xx_hal_uart.o(i.HAL_UART_DMAPause), (86 bytes).
    Removing stm32f4xx_hal_uart.o(i.HAL_UART_DMAResume), (96 bytes).
    Removing stm32f4xx_hal_uart.o(i.HAL_UART_DMAStop), (50 bytes).
    Removing stm32f4xx_hal_uart.o(i.HAL_UART_DeInit), (34 bytes).
    Removing stm32f4xx_hal_uart.o(i.HAL_UART_ErrorCallback), (2 bytes).
    Removing stm32f4xx_hal_uart.o(i.HAL_UART_GetError), (6 bytes).
    Removing stm32f4xx_hal_uart.o(i.HAL_UART_GetState), (6 bytes).
    Removing stm32f4xx_hal_uart.o(i.HAL_UART_IRQHandler), (202 bytes).
    Removing stm32f4xx_hal_uart.o(i.HAL_UART_Init), (92 bytes).
    Removing stm32f4xx_hal_uart.o(i.HAL_UART_MspDeInit), (2 bytes).
    Removing stm32f4xx_hal_uart.o(i.HAL_UART_MspInit), (2 bytes).
    Removing stm32f4xx_hal_uart.o(i.HAL_UART_Receive), (204 bytes).
    Removing stm32f4xx_hal_uart.o(i.HAL_UART_Receive_DMA), (136 bytes).
    Removing stm32f4xx_hal_uart.o(i.HAL_UART_Receive_IT), (106 bytes).
    Removing stm32f4xx_hal_uart.o(i.HAL_UART_RxCpltCallback), (2 bytes).
    Removing stm32f4xx_hal_uart.o(i.HAL_UART_RxHalfCpltCallback), (2 bytes).
    Removing stm32f4xx_hal_uart.o(i.HAL_UART_Transmit), (204 bytes).
    Removing stm32f4xx_hal_uart.o(i.HAL_UART_Transmit_DMA), (136 bytes).
    Removing stm32f4xx_hal_uart.o(i.HAL_UART_Transmit_IT), (106 bytes).
    Removing stm32f4xx_hal_uart.o(i.HAL_UART_TxCpltCallback), (2 bytes).
    Removing stm32f4xx_hal_uart.o(i.HAL_UART_TxHalfCpltCallback), (2 bytes).
    Removing stm32f4xx_hal_uart.o(i.UART_DMAError), (32 bytes).
    Removing stm32f4xx_hal_uart.o(i.UART_DMAReceiveCplt), (54 bytes).
    Removing stm32f4xx_hal_uart.o(i.UART_DMARxHalfCplt), (10 bytes).
    Removing stm32f4xx_hal_uart.o(i.UART_DMATransmitCplt), (84 bytes).
    Removing stm32f4xx_hal_uart.o(i.UART_DMATxHalfCplt), (10 bytes).
    Removing stm32f4xx_hal_uart.o(i.UART_Receive_IT), (168 bytes).
    Removing stm32f4xx_hal_uart.o(i.UART_SetConfig), (376 bytes).
    Removing stm32f4xx_hal_uart.o(i.UART_Transmit_IT), (162 bytes).
    Removing stm32f4xx_hal_uart.o(i.UART_WaitOnFlagUntilTimeout), (146 bytes).
    Removing stm32f4xx_ll_fmc.o(.rev16_text), (4 bytes).
    Removing stm32f4xx_ll_fmc.o(.revsh_text), (4 bytes).
    Removing stm32f4xx_ll_fmc.o(i.FMC_NAND_AttributeSpace_Timing_Init), (36 bytes).
    Removing stm32f4xx_ll_fmc.o(i.FMC_NAND_CommonSpace_Timing_Init), (36 bytes).
    Removing stm32f4xx_ll_fmc.o(i.FMC_NAND_DeInit), (52 bytes).
    Removing stm32f4xx_ll_fmc.o(i.FMC_NAND_ECC_Disable), (26 bytes).
    Removing stm32f4xx_ll_fmc.o(i.FMC_NAND_ECC_Enable), (26 bytes).
    Removing stm32f4xx_ll_fmc.o(i.FMC_NAND_GetECC), (80 bytes).
    Removing stm32f4xx_ll_fmc.o(i.FMC_NAND_Init), (48 bytes).
    Removing stm32f4xx_ll_fmc.o(i.FMC_NORSRAM_DeInit), (50 bytes).
    Removing stm32f4xx_ll_fmc.o(i.FMC_NORSRAM_Extended_Timing_Init), (76 bytes).
    Removing stm32f4xx_ll_fmc.o(i.FMC_NORSRAM_Init), (100 bytes).
    Removing stm32f4xx_ll_fmc.o(i.FMC_NORSRAM_Timing_Init), (92 bytes).
    Removing stm32f4xx_ll_fmc.o(i.FMC_NORSRAM_WriteOperation_Disable), (16 bytes).
    Removing stm32f4xx_ll_fmc.o(i.FMC_NORSRAM_WriteOperation_Enable), (16 bytes).
    Removing stm32f4xx_ll_fmc.o(i.FMC_PCCARD_AttributeSpace_Timing_Init), (26 bytes).
    Removing stm32f4xx_ll_fmc.o(i.FMC_PCCARD_CommonSpace_Timing_Init), (26 bytes).
    Removing stm32f4xx_ll_fmc.o(i.FMC_PCCARD_DeInit), (30 bytes).
    Removing stm32f4xx_ll_fmc.o(i.FMC_PCCARD_IOSpace_Timing_Init), (26 bytes).
    Removing stm32f4xx_ll_fmc.o(i.FMC_PCCARD_Init), (24 bytes).
    Removing stm32f4xx_ll_fmc.o(i.FMC_SDRAM_DeInit), (30 bytes).
    Removing stm32f4xx_ll_fmc.o(i.FMC_SDRAM_GetModeStatus), (18 bytes).
    Removing stm32f4xx_ll_fmc.o(i.FMC_SDRAM_SetAutoRefreshNumber), (12 bytes).
    Removing stm32f4xx_ll_fmc.o(i.FMC_SDRAM_WriteProtection_Disable), (16 bytes).
    Removing stm32f4xx_ll_fmc.o(i.FMC_SDRAM_WriteProtection_Enable), (16 bytes).
    Removing stm32f4xx_hal_rcc_ex.o(.rev16_text), (4 bytes).
    Removing stm32f4xx_hal_rcc_ex.o(.revsh_text), (4 bytes).
    Removing stm32f4xx_hal_rcc_ex.o(i.HAL_RCCEx_GetPeriphCLKConfig), (232 bytes).
    Removing stm32f4xx_hal_ltdc.o(.rev16_text), (4 bytes).
    Removing stm32f4xx_hal_ltdc.o(.revsh_text), (4 bytes).
    Removing stm32f4xx_hal_ltdc.o(i.HAL_LTDC_ConfigCLUT), (80 bytes).
    Removing stm32f4xx_hal_ltdc.o(i.HAL_LTDC_ConfigColorKeying), (64 bytes).
    Removing stm32f4xx_hal_ltdc.o(i.HAL_LTDC_DeInit), (20 bytes).
    Removing stm32f4xx_hal_ltdc.o(i.HAL_LTDC_DisableCLUT), (58 bytes).
    Removing stm32f4xx_hal_ltdc.o(i.HAL_LTDC_DisableColorKeying), (58 bytes).
    Removing stm32f4xx_hal_ltdc.o(i.HAL_LTDC_DisableDither), (48 bytes).
    Removing stm32f4xx_hal_ltdc.o(i.HAL_LTDC_EnableCLUT), (58 bytes).
    Removing stm32f4xx_hal_ltdc.o(i.HAL_LTDC_EnableColorKeying), (58 bytes).
    Removing stm32f4xx_hal_ltdc.o(i.HAL_LTDC_EnableDither), (48 bytes).
    Removing stm32f4xx_hal_ltdc.o(i.HAL_LTDC_ErrorCallback), (2 bytes).
    Removing stm32f4xx_hal_ltdc.o(i.HAL_LTDC_GetError), (6 bytes).
    Removing stm32f4xx_hal_ltdc.o(i.HAL_LTDC_GetState), (6 bytes).
    Removing stm32f4xx_hal_ltdc.o(i.HAL_LTDC_IRQHandler), (158 bytes).
    Removing stm32f4xx_hal_ltdc.o(i.HAL_LTDC_LineEvenCallback), (2 bytes).
    Removing stm32f4xx_hal_ltdc.o(i.HAL_LTDC_MspDeInit), (2 bytes).
    Removing stm32f4xx_hal_ltdc.o(i.HAL_LTDC_ProgramLineEvent), (56 bytes).
    Removing stm32f4xx_hal_ltdc.o(i.HAL_LTDC_SetAddress), (68 bytes).
    Removing stm32f4xx_hal_ltdc.o(i.HAL_LTDC_SetAlpha), (68 bytes).
    Removing stm32f4xx_hal_ltdc.o(i.HAL_LTDC_SetPixelFormat), (68 bytes).
    Removing stm32f4xx_hal_ltdc.o(i.HAL_LTDC_SetWindowPosition), (84 bytes).
    Removing stm32f4xx_hal_ltdc.o(i.HAL_LTDC_SetWindowSize), (86 bytes).
    Removing stm32f4xx_hal_sdram.o(.rev16_text), (4 bytes).
    Removing stm32f4xx_hal_sdram.o(.revsh_text), (4 bytes).
    Removing stm32f4xx_hal_sdram.o(i.HAL_SDRAM_DMA_XferCpltCallback), (2 bytes).
    Removing stm32f4xx_hal_sdram.o(i.HAL_SDRAM_DMA_XferErrorCallback), (2 bytes).
    Removing stm32f4xx_hal_sdram.o(i.HAL_SDRAM_DeInit), (28 bytes).
    Removing stm32f4xx_hal_sdram.o(i.HAL_SDRAM_GetModeStatus), (6 bytes).
    Removing stm32f4xx_hal_sdram.o(i.HAL_SDRAM_GetState), (6 bytes).
    Removing stm32f4xx_hal_sdram.o(i.HAL_SDRAM_IRQHandler), (30 bytes).
    Removing stm32f4xx_hal_sdram.o(i.HAL_SDRAM_MspDeInit), (2 bytes).
    Removing stm32f4xx_hal_sdram.o(i.HAL_SDRAM_Read_16b), (66 bytes).
    Removing stm32f4xx_hal_sdram.o(i.HAL_SDRAM_Read_32b), (62 bytes).
    Removing stm32f4xx_hal_sdram.o(i.HAL_SDRAM_Read_8b), (66 bytes).
    Removing stm32f4xx_hal_sdram.o(i.HAL_SDRAM_Read_DMA), (72 bytes).
    Removing stm32f4xx_hal_sdram.o(i.HAL_SDRAM_RefreshErrorCallback), (2 bytes).
    Removing stm32f4xx_hal_sdram.o(i.HAL_SDRAM_SetAutoRefreshNumber), (34 bytes).
    Removing stm32f4xx_hal_sdram.o(i.HAL_SDRAM_WriteProtection_Disable), (36 bytes).
    Removing stm32f4xx_hal_sdram.o(i.HAL_SDRAM_WriteProtection_Enable), (36 bytes).
    Removing stm32f4xx_hal_sdram.o(i.HAL_SDRAM_Write_16b), (66 bytes).
    Removing stm32f4xx_hal_sdram.o(i.HAL_SDRAM_Write_32b), (62 bytes).
    Removing stm32f4xx_hal_sdram.o(i.HAL_SDRAM_Write_8b), (66 bytes).
    Removing stm32f4xx_hal_sdram.o(i.HAL_SDRAM_Write_DMA), (84 bytes).
    Removing stm32f4xx_hal_dma2d.o(.rev16_text), (4 bytes).
    Removing stm32f4xx_hal_dma2d.o(.revsh_text), (4 bytes).
    Removing stm32f4xx_hal_dma2d.o(i.HAL_DMA2D_Abort), (82 bytes).
    Removing stm32f4xx_hal_dma2d.o(i.HAL_DMA2D_BlendingStart), (74 bytes).
    Removing stm32f4xx_hal_dma2d.o(i.HAL_DMA2D_BlendingStart_IT), (104 bytes).
    Removing stm32f4xx_hal_dma2d.o(i.HAL_DMA2D_ConfigCLUT), (54 bytes).
    Removing stm32f4xx_hal_dma2d.o(i.HAL_DMA2D_DeInit), (26 bytes).
    Removing stm32f4xx_hal_dma2d.o(i.HAL_DMA2D_DisableCLUT), (26 bytes).
    Removing stm32f4xx_hal_dma2d.o(i.HAL_DMA2D_EnableCLUT), (26 bytes).
    Removing stm32f4xx_hal_dma2d.o(i.HAL_DMA2D_GetError), (4 bytes).
    Removing stm32f4xx_hal_dma2d.o(i.HAL_DMA2D_GetState), (6 bytes).
    Removing stm32f4xx_hal_dma2d.o(i.HAL_DMA2D_IRQHandler), (178 bytes).
    Removing stm32f4xx_hal_dma2d.o(i.HAL_DMA2D_MspDeInit), (2 bytes).
    Removing stm32f4xx_hal_dma2d.o(i.HAL_DMA2D_ProgramLineEvent), (40 bytes).
    Removing stm32f4xx_hal_dma2d.o(i.HAL_DMA2D_Resume), (20 bytes).
    Removing stm32f4xx_hal_dma2d.o(i.HAL_DMA2D_Start_IT), (92 bytes).
    Removing stm32f4xx_hal_dma2d.o(i.HAL_DMA2D_Suspend), (72 bytes).
    Removing startup_stm32f429xx.o(HEAP), (512 bytes).
    Removing main.o(.rev16_text), (4 bytes).
    Removing main.o(.revsh_text), (4 bytes).
    Removing stm32f4xx_hal_msp.o(.rev16_text), (4 bytes).
    Removing stm32f4xx_hal_msp.o(.revsh_text), (4 bytes).
    Removing stm32f4xx_hal_msp.o(i.HAL_RTC_MspDeInit), (12 bytes).
    Removing stm32f4xx_it.o(.rev16_text), (4 bytes).
    Removing stm32f4xx_it.o(.revsh_text), (4 bytes).

526 unused section(s) (total 47868 bytes) removed from the image.

==============================================================================

Image Symbol Table

    Local Symbols

    Symbol Name                              Value     Ov Type        Size  Object(Section)

    ../clib/microlib/init/entry.s            0x00000000   Number         0  entry11a.o ABSOLUTE
    ../clib/microlib/init/entry.s            0x00000000   Number         0  entry11b.o ABSOLUTE
    ../clib/microlib/init/entry.s            0x00000000   Number         0  entry.o ABSOLUTE
    ../clib/microlib/init/entry.s            0x00000000   Number         0  entry10b.o ABSOLUTE
    ../clib/microlib/init/entry.s            0x00000000   Number         0  entry7a.o ABSOLUTE
    ../clib/microlib/init/entry.s            0x00000000   Number         0  entry10a.o ABSOLUTE
    ../clib/microlib/init/entry.s            0x00000000   Number         0  entry9b.o ABSOLUTE
    ../clib/microlib/init/entry.s            0x00000000   Number         0  entry9a.o ABSOLUTE
    ../clib/microlib/init/entry.s            0x00000000   Number         0  entry8b.o ABSOLUTE
    ../clib/microlib/init/entry.s            0x00000000   Number         0  entry8a.o ABSOLUTE
    ../clib/microlib/init/entry.s            0x00000000   Number         0  entry7b.o ABSOLUTE
    ../clib/microlib/init/entry.s            0x00000000   Number         0  entry5.o ABSOLUTE
    ../clib/microlib/init/entry.s            0x00000000   Number         0  entry2.o ABSOLUTE
    ../clib/microlib/string/memcpy.c         0x00000000   Number         0  memcpyb.o ABSOLUTE
    ../clib/microlib/string/memcpy.c         0x00000000   Number         0  memcpya.o ABSOLUTE
    ..\..\..\..\..\..\Drivers\BSP\Components\stmpe1600\stmpe1600.c 0x00000000   Number         0  stmpe1600.o ABSOLUTE
    ..\..\..\..\..\..\Drivers\BSP\Components\stmpe811\stmpe811.c 0x00000000   Number         0  stmpe811.o ABSOLUTE
    ..\..\..\..\..\..\Drivers\BSP\Components\ts3510\ts3510.c 0x00000000   Number         0  ts3510.o ABSOLUTE
    ..\..\..\..\..\..\Drivers\BSP\STM324x9I_EVAL\stm324x9i_eval.c 0x00000000   Number         0  stm324x9i_eval.o ABSOLUTE
    ..\..\..\..\..\..\Drivers\BSP\STM324x9I_EVAL\stm324x9i_eval_io.c 0x00000000   Number         0  stm324x9i_eval_io.o ABSOLUTE
    ..\..\..\..\..\..\Drivers\BSP\STM324x9I_EVAL\stm324x9i_eval_lcd.c 0x00000000   Number         0  stm324x9i_eval_lcd.o ABSOLUTE
    ..\..\..\..\..\..\Drivers\BSP\STM324x9I_EVAL\stm324x9i_eval_sdram.c 0x00000000   Number         0  stm324x9i_eval_sdram.o ABSOLUTE
    ..\..\..\..\..\..\Drivers\STM32F4xx_HAL_Driver\Src\stm32f4xx_hal.c 0x00000000   Number         0  stm32f4xx_hal.o ABSOLUTE
    ..\..\..\..\..\..\Drivers\STM32F4xx_HAL_Driver\Src\stm32f4xx_hal_cortex.c 0x00000000   Number         0  stm32f4xx_hal_cortex.o ABSOLUTE
    ..\..\..\..\..\..\Drivers\STM32F4xx_HAL_Driver\Src\stm32f4xx_hal_dma.c 0x00000000   Number         0  stm32f4xx_hal_dma.o ABSOLUTE
    ..\..\..\..\..\..\Drivers\STM32F4xx_HAL_Driver\Src\stm32f4xx_hal_dma2d.c 0x00000000   Number         0  stm32f4xx_hal_dma2d.o ABSOLUTE
    ..\..\..\..\..\..\Drivers\STM32F4xx_HAL_Driver\Src\stm32f4xx_hal_dma_ex.c 0x00000000   Number         0  stm32f4xx_hal_dma_ex.o ABSOLUTE
    ..\..\..\..\..\..\Drivers\STM32F4xx_HAL_Driver\Src\stm32f4xx_hal_flash.c 0x00000000   Number         0  stm32f4xx_hal_flash.o ABSOLUTE
    ..\..\..\..\..\..\Drivers\STM32F4xx_HAL_Driver\Src\stm32f4xx_hal_flash_ex.c 0x00000000   Number         0  stm32f4xx_hal_flash_ex.o ABSOLUTE
    ..\..\..\..\..\..\Drivers\STM32F4xx_HAL_Driver\Src\stm32f4xx_hal_gpio.c 0x00000000   Number         0  stm32f4xx_hal_gpio.o ABSOLUTE
    ..\..\..\..\..\..\Drivers\STM32F4xx_HAL_Driver\Src\stm32f4xx_hal_i2c.c 0x00000000   Number         0  stm32f4xx_hal_i2c.o ABSOLUTE
    ..\..\..\..\..\..\Drivers\STM32F4xx_HAL_Driver\Src\stm32f4xx_hal_ltdc.c 0x00000000   Number         0  stm32f4xx_hal_ltdc.o ABSOLUTE
    ..\..\..\..\..\..\Drivers\STM32F4xx_HAL_Driver\Src\stm32f4xx_hal_pwr.c 0x00000000   Number         0  stm32f4xx_hal_pwr.o ABSOLUTE
    ..\..\..\..\..\..\Drivers\STM32F4xx_HAL_Driver\Src\stm32f4xx_hal_pwr_ex.c 0x00000000   Number         0  stm32f4xx_hal_pwr_ex.o ABSOLUTE
    ..\..\..\..\..\..\Drivers\STM32F4xx_HAL_Driver\Src\stm32f4xx_hal_rcc.c 0x00000000   Number         0  stm32f4xx_hal_rcc.o ABSOLUTE
    ..\..\..\..\..\..\Drivers\STM32F4xx_HAL_Driver\Src\stm32f4xx_hal_rcc_ex.c 0x00000000   Number         0  stm32f4xx_hal_rcc_ex.o ABSOLUTE
    ..\..\..\..\..\..\Drivers\STM32F4xx_HAL_Driver\Src\stm32f4xx_hal_rtc.c 0x00000000   Number         0  stm32f4xx_hal_rtc.o ABSOLUTE
    ..\..\..\..\..\..\Drivers\STM32F4xx_HAL_Driver\Src\stm32f4xx_hal_rtc_ex.c 0x00000000   Number         0  stm32f4xx_hal_rtc_ex.o ABSOLUTE
    ..\..\..\..\..\..\Drivers\STM32F4xx_HAL_Driver\Src\stm32f4xx_hal_sdram.c 0x00000000   Number         0  stm32f4xx_hal_sdram.o ABSOLUTE
    ..\..\..\..\..\..\Drivers\STM32F4xx_HAL_Driver\Src\stm32f4xx_hal_sram.c 0x00000000   Number         0  stm32f4xx_hal_sram.o ABSOLUTE
    ..\..\..\..\..\..\Drivers\STM32F4xx_HAL_Driver\Src\stm32f4xx_hal_uart.c 0x00000000   Number         0  stm32f4xx_hal_uart.o ABSOLUTE
    ..\..\..\..\..\..\Drivers\STM32F4xx_HAL_Driver\Src\stm32f4xx_ll_fmc.c 0x00000000   Number         0  stm32f4xx_ll_fmc.o ABSOLUTE
    ..\Src\main.c                            0x00000000   Number         0  main.o ABSOLUTE
    ..\Src\stm32f4xx_hal_msp.c               0x00000000   Number         0  stm32f4xx_hal_msp.o ABSOLUTE
    ..\Src\stm32f4xx_it.c                    0x00000000   Number         0  stm32f4xx_it.o ABSOLUTE
    ..\Src\system_stm32f4xx.c                0x00000000   Number         0  system_stm32f4xx.o ABSOLUTE
    ..\\..\\..\\..\\..\\..\\Drivers\\BSP\\STM324x9I_EVAL\\stm324x9i_eval.c 0x00000000   Number         0  stm324x9i_eval.o ABSOLUTE
    ..\\..\\..\\..\\..\\..\\Drivers\\BSP\\STM324x9I_EVAL\\stm324x9i_eval_io.c 0x00000000   Number         0  stm324x9i_eval_io.o ABSOLUTE
    ..\\..\\..\\..\\..\\..\\Drivers\\BSP\\STM324x9I_EVAL\\stm324x9i_eval_lcd.c 0x00000000   Number         0  stm324x9i_eval_lcd.o ABSOLUTE
    ..\\..\\..\\..\\..\\..\\Drivers\\BSP\\STM324x9I_EVAL\\stm324x9i_eval_sdram.c 0x00000000   Number         0  stm324x9i_eval_sdram.o ABSOLUTE
    ..\\..\\..\\..\\..\\..\\Drivers\\STM32F4xx_HAL_Driver\\Src\\stm32f4xx_hal.c 0x00000000   Number         0  stm32f4xx_hal.o ABSOLUTE
    ..\\..\\..\\..\\..\\..\\Drivers\\STM32F4xx_HAL_Driver\\Src\\stm32f4xx_hal_cortex.c 0x00000000   Number         0  stm32f4xx_hal_cortex.o ABSOLUTE
    ..\\..\\..\\..\\..\\..\\Drivers\\STM32F4xx_HAL_Driver\\Src\\stm32f4xx_hal_dma.c 0x00000000   Number         0  stm32f4xx_hal_dma.o ABSOLUTE
    ..\\..\\..\\..\\..\\..\\Drivers\\STM32F4xx_HAL_Driver\\Src\\stm32f4xx_hal_dma2d.c 0x00000000   Number         0  stm32f4xx_hal_dma2d.o ABSOLUTE
    ..\\..\\..\\..\\..\\..\\Drivers\\STM32F4xx_HAL_Driver\\Src\\stm32f4xx_hal_dma_ex.c 0x00000000   Number         0  stm32f4xx_hal_dma_ex.o ABSOLUTE
    ..\\..\\..\\..\\..\\..\\Drivers\\STM32F4xx_HAL_Driver\\Src\\stm32f4xx_hal_flash.c 0x00000000   Number         0  stm32f4xx_hal_flash.o ABSOLUTE
    ..\\..\\..\\..\\..\\..\\Drivers\\STM32F4xx_HAL_Driver\\Src\\stm32f4xx_hal_flash_ex.c 0x00000000   Number         0  stm32f4xx_hal_flash_ex.o ABSOLUTE
    ..\\..\\..\\..\\..\\..\\Drivers\\STM32F4xx_HAL_Driver\\Src\\stm32f4xx_hal_gpio.c 0x00000000   Number         0  stm32f4xx_hal_gpio.o ABSOLUTE
    ..\\..\\..\\..\\..\\..\\Drivers\\STM32F4xx_HAL_Driver\\Src\\stm32f4xx_hal_i2c.c 0x00000000   Number         0  stm32f4xx_hal_i2c.o ABSOLUTE
    ..\\..\\..\\..\\..\\..\\Drivers\\STM32F4xx_HAL_Driver\\Src\\stm32f4xx_hal_ltdc.c 0x00000000   Number         0  stm32f4xx_hal_ltdc.o ABSOLUTE
    ..\\..\\..\\..\\..\\..\\Drivers\\STM32F4xx_HAL_Driver\\Src\\stm32f4xx_hal_pwr.c 0x00000000   Number         0  stm32f4xx_hal_pwr.o ABSOLUTE
    ..\\..\\..\\..\\..\\..\\Drivers\\STM32F4xx_HAL_Driver\\Src\\stm32f4xx_hal_pwr_ex.c 0x00000000   Number         0  stm32f4xx_hal_pwr_ex.o ABSOLUTE
    ..\\..\\..\\..\\..\\..\\Drivers\\STM32F4xx_HAL_Driver\\Src\\stm32f4xx_hal_rcc.c 0x00000000   Number         0  stm32f4xx_hal_rcc.o ABSOLUTE
    ..\\..\\..\\..\\..\\..\\Drivers\\STM32F4xx_HAL_Driver\\Src\\stm32f4xx_hal_rcc_ex.c 0x00000000   Number         0  stm32f4xx_hal_rcc_ex.o ABSOLUTE
    ..\\..\\..\\..\\..\\..\\Drivers\\STM32F4xx_HAL_Driver\\Src\\stm32f4xx_hal_rtc.c 0x00000000   Number         0  stm32f4xx_hal_rtc.o ABSOLUTE
    ..\\..\\..\\..\\..\\..\\Drivers\\STM32F4xx_HAL_Driver\\Src\\stm32f4xx_hal_rtc_ex.c 0x00000000   Number         0  stm32f4xx_hal_rtc_ex.o ABSOLUTE
    ..\\..\\..\\..\\..\\..\\Drivers\\STM32F4xx_HAL_Driver\\Src\\stm32f4xx_hal_sdram.c 0x00000000   Number         0  stm32f4xx_hal_sdram.o ABSOLUTE
    ..\\..\\..\\..\\..\\..\\Drivers\\STM32F4xx_HAL_Driver\\Src\\stm32f4xx_hal_sram.c 0x00000000   Number         0  stm32f4xx_hal_sram.o ABSOLUTE
    ..\\..\\..\\..\\..\\..\\Drivers\\STM32F4xx_HAL_Driver\\Src\\stm32f4xx_hal_uart.c 0x00000000   Number         0  stm32f4xx_hal_uart.o ABSOLUTE
    ..\\..\\..\\..\\..\\..\\Drivers\\STM32F4xx_HAL_Driver\\Src\\stm32f4xx_ll_fmc.c 0x00000000   Number         0  stm32f4xx_ll_fmc.o ABSOLUTE
    ..\\Src\\main.c                          0x00000000   Number         0  main.o ABSOLUTE
    ..\\Src\\stm32f4xx_hal_msp.c             0x00000000   Number         0  stm32f4xx_hal_msp.o ABSOLUTE
    ..\\Src\\stm32f4xx_it.c                  0x00000000   Number         0  stm32f4xx_it.o ABSOLUTE
    ..\\Src\\system_stm32f4xx.c              0x00000000   Number         0  system_stm32f4xx.o ABSOLUTE
    dc.s                                     0x00000000   Number         0  dc.o ABSOLUTE
    handlers.s                               0x00000000   Number         0  handlers.o ABSOLUTE
    init.s                                   0x00000000   Number         0  init.o ABSOLUTE
    startup_stm32f429xx.s                    0x00000000   Number         0  startup_stm32f429xx.o ABSOLUTE
    RESET                                    0x08000000   Section      428  startup_stm32f429xx.o(RESET)
    .ARM.Collect$$$$00000000                 0x080001ac   Section        0  entry.o(.ARM.Collect$$$$00000000)
    .ARM.Collect$$$$00000001                 0x080001ac   Section        4  entry2.o(.ARM.Collect$$$$00000001)
    .ARM.Collect$$$$00000004                 0x080001b0   Section        4  entry5.o(.ARM.Collect$$$$00000004)
    .ARM.Collect$$$$00000008                 0x080001b4   Section        0  entry7b.o(.ARM.Collect$$$$00000008)
    .ARM.Collect$$$$0000000A                 0x080001b4   Section        0  entry8b.o(.ARM.Collect$$$$0000000A)
    .ARM.Collect$$$$0000000B                 0x080001b4   Section        8  entry9a.o(.ARM.Collect$$$$0000000B)
    .ARM.Collect$$$$0000000D                 0x080001bc   Section        0  entry10a.o(.ARM.Collect$$$$0000000D)
    .ARM.Collect$$$$0000000F                 0x080001bc   Section        0  entry11a.o(.ARM.Collect$$$$0000000F)
    .ARM.Collect$$$$00002712                 0x080001bc   Section        4  entry2.o(.ARM.Collect$$$$00002712)
    __lit__00000000                          0x080001bc   Data           4  entry2.o(.ARM.Collect$$$$00002712)
    .text                                    0x080001c0   Section       36  startup_stm32f429xx.o(.text)
    $v0                                      0x080001c0   Number         0  startup_stm32f429xx.o(.text)
    .text                                    0x080001e4   Section        0  memcpya.o(.text)
    .text                                    0x08000208   Section       36  init.o(.text)
    i.BSP_LCD_Clear                          0x0800022c   Section        0  stm324x9i_eval_lcd.o(i.BSP_LCD_Clear)
    i.BSP_LCD_ClearStringLine                0x08000264   Section        0  stm324x9i_eval_lcd.o(i.BSP_LCD_ClearStringLine)
    i.BSP_LCD_DisplayChar                    0x080002c0   Section        0  stm324x9i_eval_lcd.o(i.BSP_LCD_DisplayChar)
    i.BSP_LCD_DisplayStringAt                0x080002f4   Section        0  stm324x9i_eval_lcd.o(i.BSP_LCD_DisplayStringAt)
    i.BSP_LCD_DisplayStringAtLine            0x080003b0   Section        0  stm324x9i_eval_lcd.o(i.BSP_LCD_DisplayStringAtLine)
    i.BSP_LCD_DrawPixel                      0x080003cc   Section        0  stm324x9i_eval_lcd.o(i.BSP_LCD_DrawPixel)
    i.BSP_LCD_FillRect                       0x080003fc   Section        0  stm324x9i_eval_lcd.o(i.BSP_LCD_FillRect)
    i.BSP_LCD_GetFont                        0x08000464   Section        0  stm324x9i_eval_lcd.o(i.BSP_LCD_GetFont)
    i.BSP_LCD_GetXSize                       0x08000480   Section        0  stm324x9i_eval_lcd.o(i.BSP_LCD_GetXSize)
    i.BSP_LCD_GetYSize                       0x080004a0   Section        0  stm324x9i_eval_lcd.o(i.BSP_LCD_GetYSize)
    i.BSP_LCD_Init                           0x080004c0   Section        0  stm324x9i_eval_lcd.o(i.BSP_LCD_Init)
    i.BSP_LCD_LayerDefaultInit               0x0800054c   Section        0  stm324x9i_eval_lcd.o(i.BSP_LCD_LayerDefaultInit)
    i.BSP_LCD_SelectLayer                    0x080005c8   Section        0  stm324x9i_eval_lcd.o(i.BSP_LCD_SelectLayer)
    i.BSP_LCD_SetBackColor                   0x080005d4   Section        0  stm324x9i_eval_lcd.o(i.BSP_LCD_SetBackColor)
    i.BSP_LCD_SetFont                        0x080005f0   Section        0  stm324x9i_eval_lcd.o(i.BSP_LCD_SetFont)
    i.BSP_LCD_SetTextColor                   0x0800060c   Section        0  stm324x9i_eval_lcd.o(i.BSP_LCD_SetTextColor)
    i.BSP_LED_Init                           0x08000624   Section        0  stm324x9i_eval.o(i.BSP_LED_Init)
    i.BSP_LED_On                             0x08000670   Section        0  stm324x9i_eval.o(i.BSP_LED_On)
    i.BSP_SDRAM_Init                         0x0800068c   Section        0  stm324x9i_eval_sdram.o(i.BSP_SDRAM_Init)
    i.BSP_SDRAM_Initialization_sequence      0x08000700   Section        0  stm324x9i_eval_sdram.o(i.BSP_SDRAM_Initialization_sequence)
    i.BusFault_Handler                       0x08000788   Section        0  stm32f4xx_it.o(i.BusFault_Handler)
    i.DMA2D_SetConfig                        0x0800078a   Section        0  stm32f4xx_hal_dma2d.o(i.DMA2D_SetConfig)
    DMA2D_SetConfig                          0x0800078b   Thumb Code   142  stm32f4xx_hal_dma2d.o(i.DMA2D_SetConfig)
    i.DebugMon_Handler                       0x08000818   Section        0  stm32f4xx_it.o(i.DebugMon_Handler)
    i.DrawChar                               0x0800081c   Section        0  stm324x9i_eval_lcd.o(i.DrawChar)
    DrawChar                                 0x0800081d   Thumb Code   172  stm324x9i_eval_lcd.o(i.DrawChar)
    i.Error_Handler                          0x080008d0   Section        0  main.o(i.Error_Handler)
    i.FMC_SDRAM_Init                         0x080008d8   Section        0  stm32f4xx_ll_fmc.o(i.FMC_SDRAM_Init)
    i.FMC_SDRAM_ProgramRefreshRate           0x08000912   Section        0  stm32f4xx_ll_fmc.o(i.FMC_SDRAM_ProgramRefreshRate)
    i.FMC_SDRAM_SendCommand                  0x0800091e   Section        0  stm32f4xx_ll_fmc.o(i.FMC_SDRAM_SendCommand)
    i.FMC_SDRAM_Timing_Init                  0x08000968   Section        0  stm32f4xx_ll_fmc.o(i.FMC_SDRAM_Timing_Init)
    i.HAL_DMA2D_ConfigLayer                  0x080009cc   Section        0  stm32f4xx_hal_dma2d.o(i.HAL_DMA2D_ConfigLayer)
    i.HAL_DMA2D_Init                         0x08000aa8   Section        0  stm32f4xx_hal_dma2d.o(i.HAL_DMA2D_Init)
    i.HAL_DMA2D_MspInit                      0x08000afe   Section        0  stm32f4xx_hal_dma2d.o(i.HAL_DMA2D_MspInit)
    i.HAL_DMA2D_PollForTransfer              0x08000b00   Section        0  stm32f4xx_hal_dma2d.o(i.HAL_DMA2D_PollForTransfer)
    i.HAL_DMA2D_Start                        0x08000be0   Section        0  stm32f4xx_hal_dma2d.o(i.HAL_DMA2D_Start)
    i.HAL_DMA_DeInit                         0x08000c20   Section        0  stm32f4xx_hal_dma.o(i.HAL_DMA_DeInit)
    i.HAL_DMA_Init                           0x080015ec   Section        0  stm32f4xx_hal_dma.o(i.HAL_DMA_Init)
    i.HAL_Delay                              0x0800165c   Section        0  stm32f4xx_hal.o(i.HAL_Delay)
    i.HAL_GPIO_Init                          0x08001674   Section        0  stm32f4xx_hal_gpio.o(i.HAL_GPIO_Init)
    i.HAL_GPIO_WritePin                      0x0800183c   Section        0  stm32f4xx_hal_gpio.o(i.HAL_GPIO_WritePin)
    i.HAL_GetTick                            0x08001848   Section        0  stm32f4xx_hal.o(i.HAL_GetTick)
    i.HAL_IncTick                            0x08001854   Section        0  stm32f4xx_hal.o(i.HAL_IncTick)
    i.HAL_Init                               0x08001864   Section        0  stm32f4xx_hal.o(i.HAL_Init)
    i.HAL_InitTick                           0x08001898   Section        0  stm32f4xx_hal.o(i.HAL_InitTick)
    i.HAL_LTDC_ConfigLayer                   0x080018ba   Section        0  stm32f4xx_hal_ltdc.o(i.HAL_LTDC_ConfigLayer)
    i.HAL_LTDC_Init                          0x0800190c   Section        0  stm32f4xx_hal_ltdc.o(i.HAL_LTDC_Init)
    i.HAL_LTDC_MspInit                       0x08001a04   Section        0  stm32f4xx_hal_ltdc.o(i.HAL_LTDC_MspInit)
    i.HAL_MspInit                            0x08001a06   Section        0  stm32f4xx_hal.o(i.HAL_MspInit)
    i.HAL_NVIC_EnableIRQ                     0x08001a08   Section        0  stm32f4xx_hal_cortex.o(i.HAL_NVIC_EnableIRQ)
    i.HAL_NVIC_SetPriority                   0x08001a20   Section        0  stm32f4xx_hal_cortex.o(i.HAL_NVIC_SetPriority)
    i.HAL_NVIC_SetPriorityGrouping           0x08001a60   Section        0  stm32f4xx_hal_cortex.o(i.HAL_NVIC_SetPriorityGrouping)
    i.HAL_PWREx_ActivateOverDrive            0x08001a84   Section        0  stm32f4xx_hal_pwr_ex.o(i.HAL_PWREx_ActivateOverDrive)
    i.HAL_RCCEx_PeriphCLKConfig              0x08001aec   Section        0  stm32f4xx_hal_rcc_ex.o(i.HAL_RCCEx_PeriphCLKConfig)
    i.HAL_RCC_ClockConfig                    0x08001d64   Section        0  stm32f4xx_hal_rcc.o(i.HAL_RCC_ClockConfig)
    i.HAL_RCC_GetHCLKFreq                    0x08001f1c   Section        0  stm32f4xx_hal_rcc.o(i.HAL_RCC_GetHCLKFreq)
    i.HAL_RCC_GetSysClockFreq                0x08001f50   Section        0  stm32f4xx_hal_rcc.o(i.HAL_RCC_GetSysClockFreq)
    i.HAL_RCC_OscConfig                      0x08001fd4   Section        0  stm32f4xx_hal_rcc.o(i.HAL_RCC_OscConfig)
    i.HAL_RTCEx_BKUPRead                     0x0800230c   Section        0  stm32f4xx_hal_rtc_ex.o(i.HAL_RTCEx_BKUPRead)
    i.HAL_RTCEx_BKUPWrite                    0x08002316   Section        0  stm32f4xx_hal_rtc_ex.o(i.HAL_RTCEx_BKUPWrite)
    i.HAL_RTC_GetDate                        0x08002320   Section        0  stm32f4xx_hal_rtc.o(i.HAL_RTC_GetDate)
    i.HAL_RTC_GetTime                        0x08002364   Section        0  stm32f4xx_hal_rtc.o(i.HAL_RTC_GetTime)
    i.HAL_RTC_Init                           0x080023b0   Section        0  stm32f4xx_hal_rtc.o(i.HAL_RTC_Init)
    i.HAL_RTC_MspInit                        0x08002448   Section        0  stm32f4xx_hal_msp.o(i.HAL_RTC_MspInit)
    i.HAL_RTC_SetDate                        0x08002488   Section        0  stm32f4xx_hal_rtc.o(i.HAL_RTC_SetDate)
    i.HAL_RTC_SetTime                        0x08002558   Section        0  stm32f4xx_hal_rtc.o(i.HAL_RTC_SetTime)
    i.HAL_RTC_WaitForSynchro                 0x08002648   Section        0  stm32f4xx_hal_rtc.o(i.HAL_RTC_WaitForSynchro)
    i.HAL_SDRAM_Init                         0x0800267e   Section        0  stm32f4xx_hal_sdram.o(i.HAL_SDRAM_Init)
    i.HAL_SDRAM_MspInit                      0x080026ba   Section        0  stm32f4xx_hal_sdram.o(i.HAL_SDRAM_MspInit)
    i.HAL_SDRAM_ProgramRefreshRate           0x080026bc   Section        0  stm32f4xx_hal_sdram.o(i.HAL_SDRAM_ProgramRefreshRate)
    i.HAL_SDRAM_SendCommand                  0x080026e0   Section        0  stm32f4xx_hal_sdram.o(i.HAL_SDRAM_SendCommand)
    i.HAL_SYSTICK_Config                     0x08002710   Section        0  stm32f4xx_hal_cortex.o(i.HAL_SYSTICK_Config)
    i.HardFault_Handler                      0x08002738   Section        0  stm32f4xx_it.o(i.HardFault_Handler)
    i.LL_FillBuffer                          0x0800273c   Section        0  stm324x9i_eval_lcd.o(i.LL_FillBuffer)
    LL_FillBuffer                            0x0800273d   Thumb Code    88  stm324x9i_eval_lcd.o(i.LL_FillBuffer)
    i.LTDC_SetConfig                         0x0800279c   Section        0  stm32f4xx_hal_ltdc.o(i.LTDC_SetConfig)
    LTDC_SetConfig                           0x0800279d   Thumb Code   344  stm32f4xx_hal_ltdc.o(i.LTDC_SetConfig)
    i.MemManage_Handler                      0x080028f4   Section        0  stm32f4xx_it.o(i.MemManage_Handler)
    i.MspInit                                0x080028f8   Section        0  stm324x9i_eval_lcd.o(i.MspInit)
    MspInit                                  0x080028f9   Thumb Code   172  stm324x9i_eval_lcd.o(i.MspInit)
    i.NMI_Handler                            0x080029bc   Section        0  stm32f4xx_it.o(i.NMI_Handler)
    i.NVIC_SetPriority                       0x080029c0   Section        0  stm32f4xx_hal_cortex.o(i.NVIC_SetPriority)
    NVIC_SetPriority                         0x080029c1   Thumb Code    22  stm32f4xx_hal_cortex.o(i.NVIC_SetPriority)
    i.PendSV_Handler                         0x080029e0   Section        0  stm32f4xx_it.o(i.PendSV_Handler)
    i.RTC_Bcd2ToByte                         0x080029e2   Section        0  stm32f4xx_hal_rtc.o(i.RTC_Bcd2ToByte)
    i.RTC_ByteToBcd2                         0x080029f4   Section        0  stm32f4xx_hal_rtc.o(i.RTC_ByteToBcd2)
    i.RTC_CalendarConfig                     0x08002a0c   Section        0  main.o(i.RTC_CalendarConfig)
    RTC_CalendarConfig                       0x08002a0d   Thumb Code    92  main.o(i.RTC_CalendarConfig)
    i.RTC_CalendarShow                       0x08002a6c   Section        0  main.o(i.RTC_CalendarShow)
    RTC_CalendarShow                         0x08002a6d   Thumb Code   186  main.o(i.RTC_CalendarShow)
    i.RTC_EnterInitMode                      0x08002b48   Section        0  stm32f4xx_hal_rtc.o(i.RTC_EnterInitMode)
    i.SDRAM_MspInit                          0x08002b84   Section        0  stm324x9i_eval_sdram.o(i.SDRAM_MspInit)
    SDRAM_MspInit                            0x08002b85   Thumb Code   252  stm324x9i_eval_sdram.o(i.SDRAM_MspInit)
    i.SVC_Handler                            0x08002ca4   Section        0  stm32f4xx_it.o(i.SVC_Handler)
    i.SysTick_Handler                        0x08002ca6   Section        0  stm32f4xx_it.o(i.SysTick_Handler)
    i.SystemClock_Config                     0x08002cac   Section        0  main.o(i.SystemClock_Config)
    SystemClock_Config                       0x08002cad   Thumb Code   108  main.o(i.SystemClock_Config)
    i.SystemInit                             0x08002d20   Section        0  system_stm32f4xx.o(i.SystemInit)
    i.UsageFault_Handler                     0x08002d74   Section        0  stm32f4xx_it.o(i.UsageFault_Handler)
    i.__scatterload_copy                     0x08002d76   Section       14  handlers.o(i.__scatterload_copy)
    i.__scatterload_null                     0x08002d84   Section        2  handlers.o(i.__scatterload_null)
    i.__scatterload_zeroinit                 0x08002d86   Section       14  handlers.o(i.__scatterload_zeroinit)
    i.main                                   0x08002d94   Section        0  main.o(i.main)
    .constdata                               0x08002e80   Section       28  stm324x9i_eval.o(.constdata)
    .constdata                               0x08002e9c   Section     6840  stm324x9i_eval_lcd.o(.constdata)
    .constdata                               0x08004954   Section       16  stm32f4xx_hal_rcc.o(.constdata)
    .data                                    0x20000000   Section       44  stm324x9i_eval.o(.data)
    I2C_IT_Enabled                           0x20000000   Data           1  stm324x9i_eval.o(.data)
    .data                                    0x2000002c   Section        1  stm324x9i_eval_sdram.o(.data)
    sdramstatus                              0x2000002c   Data           1  stm324x9i_eval_sdram.o(.data)
    .data                                    0x20000030   Section       12  stm324x9i_eval_lcd.o(.data)
    ActiveLayer                              0x20000030   Data           4  stm324x9i_eval_lcd.o(.data)
    .data                                    0x2000003c   Section       20  system_stm32f4xx.o(.data)
    .data                                    0x20000050   Section        4  stm32f4xx_hal.o(.data)
    uwTick                                   0x20000050   Data           4  stm32f4xx_hal.o(.data)
    .bss                                     0x20000054   Section      176  stm324x9i_eval_sdram.o(.bss)
    dmaHandle                                0x20000054   Data          80  stm324x9i_eval_sdram.o(.bss)
    sdramHandle                              0x200000a4   Data          52  stm324x9i_eval_sdram.o(.bss)
    Timing                                   0x200000d8   Data          28  stm324x9i_eval_sdram.o(.bss)
    Command                                  0x200000f4   Data          16  stm324x9i_eval_sdram.o(.bss)
    .bss                                     0x20000104   Section      304  stm324x9i_eval_lcd.o(.bss)
    PeriphClkInitStruct                      0x20000104   Data          48  stm324x9i_eval_lcd.o(.bss)
    hltdc_eval                               0x20000134   Data         168  stm324x9i_eval_lcd.o(.bss)
    hdma2d_eval                              0x200001dc   Data          64  stm324x9i_eval_lcd.o(.bss)
    DrawProp                                 0x2000021c   Data          24  stm324x9i_eval_lcd.o(.bss)
    .bss                                     0x20000234   Section       32  main.o(.bss)
    STACK                                    0x20000258   Section     1024  startup_stm32f429xx.o(STACK)

    Global Symbols

    Symbol Name                              Value     Ov Type        Size  Object(Section)

    BuildAttributes$$THM_ISAv4$E$P$D$K$B$S$7EM$VFPi3$EXTD16$VFPS$VFMA$PE$A:L22UL41UL21$X:L11$S22US41US21$IEEE1$IW$USESV6$~STKCKD$USESV7$~SHL$OSPACE$EBA8$MICROLIB$REQ8$PRES8$EABIv2 0x00000000   Number         0  anon$$obj.o ABSOLUTE
    __ARM_use_no_argv                        0x00000000   Number         0  main.o ABSOLUTE
    __cpp_initialize__aeabi_                  - Undefined Weak Reference
    __cxa_finalize                            - Undefined Weak Reference
    __decompress                              - Undefined Weak Reference
    _clock_init                               - Undefined Weak Reference
    _microlib_exit                            - Undefined Weak Reference
    __Vectors_Size                           0x000001ac   Number         0  startup_stm32f429xx.o ABSOLUTE
    __Vectors                                0x08000000   Data           4  startup_stm32f429xx.o(RESET)
    __Vectors_End                            0x080001ac   Data           0  startup_stm32f429xx.o(RESET)
    __main                                   0x080001ad   Thumb Code     0  entry.o(.ARM.Collect$$$$00000000)
    _main_stk                                0x080001ad   Thumb Code     0  entry2.o(.ARM.Collect$$$$00000001)
    _main_scatterload                        0x080001b1   Thumb Code     0  entry5.o(.ARM.Collect$$$$00000004)
    __main_after_scatterload                 0x080001b5   Thumb Code     0  entry5.o(.ARM.Collect$$$$00000004)
    _main_clock                              0x080001b5   Thumb Code     0  entry7b.o(.ARM.Collect$$$$00000008)
    _main_cpp_init                           0x080001b5   Thumb Code     0  entry8b.o(.ARM.Collect$$$$0000000A)
    _main_init                               0x080001b5   Thumb Code     0  entry9a.o(.ARM.Collect$$$$0000000B)
    __rt_final_cpp                           0x080001bd   Thumb Code     0  entry10a.o(.ARM.Collect$$$$0000000D)
    __rt_final_exit                          0x080001bd   Thumb Code     0  entry11a.o(.ARM.Collect$$$$0000000F)
    Reset_Handler                            0x080001c1   Thumb Code     8  startup_stm32f429xx.o(.text)
    ADC_IRQHandler                           0x080001db   Thumb Code     0  startup_stm32f429xx.o(.text)
    CAN1_RX0_IRQHandler                      0x080001db   Thumb Code     0  startup_stm32f429xx.o(.text)
    CAN1_RX1_IRQHandler                      0x080001db   Thumb Code     0  startup_stm32f429xx.o(.text)
    CAN1_SCE_IRQHandler                      0x080001db   Thumb Code     0  startup_stm32f429xx.o(.text)
    CAN1_TX_IRQHandler                       0x080001db   Thumb Code     0  startup_stm32f429xx.o(.text)
    CAN2_RX0_IRQHandler                      0x080001db   Thumb Code     0  startup_stm32f429xx.o(.text)
    CAN2_RX1_IRQHandler                      0x080001db   Thumb Code     0  startup_stm32f429xx.o(.text)
    CAN2_SCE_IRQHandler                      0x080001db   Thumb Code     0  startup_stm32f429xx.o(.text)
    CAN2_TX_IRQHandler                       0x080001db   Thumb Code     0  startup_stm32f429xx.o(.text)
    DCMI_IRQHandler                          0x080001db   Thumb Code     0  startup_stm32f429xx.o(.text)
    DMA1_Stream0_IRQHandler                  0x080001db   Thumb Code     0  startup_stm32f429xx.o(.text)
    DMA1_Stream1_IRQHandler                  0x080001db   Thumb Code     0  startup_stm32f429xx.o(.text)
    DMA1_Stream2_IRQHandler                  0x080001db   Thumb Code     0  startup_stm32f429xx.o(.text)
    DMA1_Stream3_IRQHandler                  0x080001db   Thumb Code     0  startup_stm32f429xx.o(.text)
    DMA1_Stream4_IRQHandler                  0x080001db   Thumb Code     0  startup_stm32f429xx.o(.text)
    DMA1_Stream5_IRQHandler                  0x080001db   Thumb Code     0  startup_stm32f429xx.o(.text)
    DMA1_Stream6_IRQHandler                  0x080001db   Thumb Code     0  startup_stm32f429xx.o(.text)
    DMA1_Stream7_IRQHandler                  0x080001db   Thumb Code     0  startup_stm32f429xx.o(.text)
    DMA2D_IRQHandler                         0x080001db   Thumb Code     0  startup_stm32f429xx.o(.text)
    DMA2_Stream0_IRQHandler                  0x080001db   Thumb Code     0  startup_stm32f429xx.o(.text)
    DMA2_Stream1_IRQHandler                  0x080001db   Thumb Code     0  startup_stm32f429xx.o(.text)
    DMA2_Stream2_IRQHandler                  0x080001db   Thumb Code     0  startup_stm32f429xx.o(.text)
    DMA2_Stream3_IRQHandler                  0x080001db   Thumb Code     0  startup_stm32f429xx.o(.text)
    DMA2_Stream4_IRQHandler                  0x080001db   Thumb Code     0  startup_stm32f429xx.o(.text)
    DMA2_Stream5_IRQHandler                  0x080001db   Thumb Code     0  startup_stm32f429xx.o(.text)
    DMA2_Stream6_IRQHandler                  0x080001db   Thumb Code     0  startup_stm32f429xx.o(.text)
    DMA2_Stream7_IRQHandler                  0x080001db   Thumb Code     0  startup_stm32f429xx.o(.text)
    ETH_IRQHandler                           0x080001db   Thumb Code     0  startup_stm32f429xx.o(.text)
    ETH_WKUP_IRQHandler                      0x080001db   Thumb Code     0  startup_stm32f429xx.o(.text)
    EXTI0_IRQHandler                         0x080001db   Thumb Code     0  startup_stm32f429xx.o(.text)
    EXTI15_10_IRQHandler                     0x080001db   Thumb Code     0  startup_stm32f429xx.o(.text)
    EXTI1_IRQHandler                         0x080001db   Thumb Code     0  startup_stm32f429xx.o(.text)
    EXTI2_IRQHandler                         0x080001db   Thumb Code     0  startup_stm32f429xx.o(.text)
    EXTI3_IRQHandler                         0x080001db   Thumb Code     0  startup_stm32f429xx.o(.text)
    EXTI4_IRQHandler                         0x080001db   Thumb Code     0  startup_stm32f429xx.o(.text)
    EXTI9_5_IRQHandler                       0x080001db   Thumb Code     0  startup_stm32f429xx.o(.text)
    FLASH_IRQHandler                         0x080001db   Thumb Code     0  startup_stm32f429xx.o(.text)
    FMC_IRQHandler                           0x080001db   Thumb Code     0  startup_stm32f429xx.o(.text)
    FPU_IRQHandler                           0x080001db   Thumb Code     0  startup_stm32f429xx.o(.text)
    HASH_RNG_IRQHandler                      0x080001db   Thumb Code     0  startup_stm32f429xx.o(.text)
    I2C1_ER_IRQHandler                       0x080001db   Thumb Code     0  startup_stm32f429xx.o(.text)
    I2C1_EV_IRQHandler                       0x080001db   Thumb Code     0  startup_stm32f429xx.o(.text)
    I2C2_ER_IRQHandler                       0x080001db   Thumb Code     0  startup_stm32f429xx.o(.text)
    I2C2_EV_IRQHandler                       0x080001db   Thumb Code     0  startup_stm32f429xx.o(.text)
    I2C3_ER_IRQHandler                       0x080001db   Thumb Code     0  startup_stm32f429xx.o(.text)
    I2C3_EV_IRQHandler                       0x080001db   Thumb Code     0  startup_stm32f429xx.o(.text)
    LTDC_ER_IRQHandler                       0x080001db   Thumb Code     0  startup_stm32f429xx.o(.text)
    LTDC_IRQHandler                          0x080001db   Thumb Code     0  startup_stm32f429xx.o(.text)
    OTG_FS_IRQHandler                        0x080001db   Thumb Code     0  startup_stm32f429xx.o(.text)
    OTG_FS_WKUP_IRQHandler                   0x080001db   Thumb Code     0  startup_stm32f429xx.o(.text)
    OTG_HS_EP1_IN_IRQHandler                 0x080001db   Thumb Code     0  startup_stm32f429xx.o(.text)
    OTG_HS_EP1_OUT_IRQHandler                0x080001db   Thumb Code     0  startup_stm32f429xx.o(.text)
    OTG_HS_IRQHandler                        0x080001db   Thumb Code     0  startup_stm32f429xx.o(.text)
    OTG_HS_WKUP_IRQHandler                   0x080001db   Thumb Code     0  startup_stm32f429xx.o(.text)
    PVD_IRQHandler                           0x080001db   Thumb Code     0  startup_stm32f429xx.o(.text)
    RCC_IRQHandler                           0x080001db   Thumb Code     0  startup_stm32f429xx.o(.text)
    RTC_Alarm_IRQHandler                     0x080001db   Thumb Code     0  startup_stm32f429xx.o(.text)
    RTC_WKUP_IRQHandler                      0x080001db   Thumb Code     0  startup_stm32f429xx.o(.text)
    SAI1_IRQHandler                          0x080001db   Thumb Code     0  startup_stm32f429xx.o(.text)
    SDIO_IRQHandler                          0x080001db   Thumb Code     0  startup_stm32f429xx.o(.text)
    SPI1_IRQHandler                          0x080001db   Thumb Code     0  startup_stm32f429xx.o(.text)
    SPI2_IRQHandler                          0x080001db   Thumb Code     0  startup_stm32f429xx.o(.text)
    SPI3_IRQHandler                          0x080001db   Thumb Code     0  startup_stm32f429xx.o(.text)
    SPI4_IRQHandler                          0x080001db   Thumb Code     0  startup_stm32f429xx.o(.text)
    SPI5_IRQHandler                          0x080001db   Thumb Code     0  startup_stm32f429xx.o(.text)
    SPI6_IRQHandler                          0x080001db   Thumb Code     0  startup_stm32f429xx.o(.text)
    TAMP_STAMP_IRQHandler                    0x080001db   Thumb Code     0  startup_stm32f429xx.o(.text)
    TIM1_BRK_TIM9_IRQHandler                 0x080001db   Thumb Code     0  startup_stm32f429xx.o(.text)
    TIM1_CC_IRQHandler                       0x080001db   Thumb Code     0  startup_stm32f429xx.o(.text)
    TIM1_TRG_COM_TIM11_IRQHandler            0x080001db   Thumb Code     0  startup_stm32f429xx.o(.text)
    TIM1_UP_TIM10_IRQHandler                 0x080001db   Thumb Code     0  startup_stm32f429xx.o(.text)
    TIM2_IRQHandler                          0x080001db   Thumb Code     0  startup_stm32f429xx.o(.text)
    TIM3_IRQHandler                          0x080001db   Thumb Code     0  startup_stm32f429xx.o(.text)
    TIM4_IRQHandler                          0x080001db   Thumb Code     0  startup_stm32f429xx.o(.text)
    TIM5_IRQHandler                          0x080001db   Thumb Code     0  startup_stm32f429xx.o(.text)
    TIM6_DAC_IRQHandler                      0x080001db   Thumb Code     0  startup_stm32f429xx.o(.text)
    TIM7_IRQHandler                          0x080001db   Thumb Code     0  startup_stm32f429xx.o(.text)
    TIM8_BRK_TIM12_IRQHandler                0x080001db   Thumb Code     0  startup_stm32f429xx.o(.text)
    TIM8_CC_IRQHandler                       0x080001db   Thumb Code     0  startup_stm32f429xx.o(.text)
    TIM8_TRG_COM_TIM14_IRQHandler            0x080001db   Thumb Code     0  startup_stm32f429xx.o(.text)
    TIM8_UP_TIM13_IRQHandler                 0x080001db   Thumb Code     0  startup_stm32f429xx.o(.text)
    UART4_IRQHandler                         0x080001db   Thumb Code     0  startup_stm32f429xx.o(.text)
    UART5_IRQHandler                         0x080001db   Thumb Code     0  startup_stm32f429xx.o(.text)
    UART7_IRQHandler                         0x080001db   Thumb Code     0  startup_stm32f429xx.o(.text)
    UART8_IRQHandler                         0x080001db   Thumb Code     0  startup_stm32f429xx.o(.text)
    USART1_IRQHandler                        0x080001db   Thumb Code     0  startup_stm32f429xx.o(.text)
    USART2_IRQHandler                        0x080001db   Thumb Code     0  startup_stm32f429xx.o(.text)
    USART3_IRQHandler                        0x080001db   Thumb Code     0  startup_stm32f429xx.o(.text)
    USART6_IRQHandler                        0x080001db   Thumb Code     0  startup_stm32f429xx.o(.text)
    WWDG_IRQHandler                          0x080001db   Thumb Code     0  startup_stm32f429xx.o(.text)
    __aeabi_memcpy                           0x080001e5   Thumb Code    36  memcpya.o(.text)
    __aeabi_memcpy4                          0x080001e5   Thumb Code     0  memcpya.o(.text)
    __aeabi_memcpy8                          0x080001e5   Thumb Code     0  memcpya.o(.text)
    __scatterload                            0x08000209   Thumb Code    28  init.o(.text)
    __scatterload_rt2                        0x08000209   Thumb Code     0  init.o(.text)
    BSP_LCD_Clear                            0x0800022d   Thumb Code    48  stm324x9i_eval_lcd.o(i.BSP_LCD_Clear)
    BSP_LCD_ClearStringLine                  0x08000265   Thumb Code    82  stm324x9i_eval_lcd.o(i.BSP_LCD_ClearStringLine)
    BSP_LCD_DisplayChar                      0x080002c1   Thumb Code    42  stm324x9i_eval_lcd.o(i.BSP_LCD_DisplayChar)
    BSP_LCD_DisplayStringAt                  0x080002f5   Thumb Code   180  stm324x9i_eval_lcd.o(i.BSP_LCD_DisplayStringAt)
    BSP_LCD_DisplayStringAtLine              0x080003b1   Thumb Code    28  stm324x9i_eval_lcd.o(i.BSP_LCD_DisplayStringAtLine)
    BSP_LCD_DrawPixel                        0x080003cd   Thumb Code    40  stm324x9i_eval_lcd.o(i.BSP_LCD_DrawPixel)
    BSP_LCD_FillRect                         0x080003fd   Thumb Code    96  stm324x9i_eval_lcd.o(i.BSP_LCD_FillRect)
    BSP_LCD_GetFont                          0x08000465   Thumb Code    18  stm324x9i_eval_lcd.o(i.BSP_LCD_GetFont)
    BSP_LCD_GetXSize                         0x08000481   Thumb Code    22  stm324x9i_eval_lcd.o(i.BSP_LCD_GetXSize)
    BSP_LCD_GetYSize                         0x080004a1   Thumb Code    22  stm324x9i_eval_lcd.o(i.BSP_LCD_GetYSize)
    BSP_LCD_Init                             0x080004c1   Thumb Code   128  stm324x9i_eval_lcd.o(i.BSP_LCD_Init)
    BSP_LCD_LayerDefaultInit                 0x0800054d   Thumb Code   114  stm324x9i_eval_lcd.o(i.BSP_LCD_LayerDefaultInit)
    BSP_LCD_SelectLayer                      0x080005c9   Thumb Code     6  stm324x9i_eval_lcd.o(i.BSP_LCD_SelectLayer)
    BSP_LCD_SetBackColor                     0x080005d5   Thumb Code    18  stm324x9i_eval_lcd.o(i.BSP_LCD_SetBackColor)
    BSP_LCD_SetFont                          0x080005f1   Thumb Code    18  stm324x9i_eval_lcd.o(i.BSP_LCD_SetFont)
    BSP_LCD_SetTextColor                     0x0800060d   Thumb Code    16  stm324x9i_eval_lcd.o(i.BSP_LCD_SetTextColor)
    BSP_LED_Init                             0x08000625   Thumb Code    64  stm324x9i_eval.o(i.BSP_LED_Init)
    BSP_LED_On                               0x08000671   Thumb Code    18  stm324x9i_eval.o(i.BSP_LED_On)
    BSP_SDRAM_Init                           0x0800068d   Thumb Code   104  stm324x9i_eval_sdram.o(i.BSP_SDRAM_Init)
    BSP_SDRAM_Initialization_sequence        0x08000701   Thumb Code   130  stm324x9i_eval_sdram.o(i.BSP_SDRAM_Initialization_sequence)
    BusFault_Handler                         0x08000789   Thumb Code     2  stm32f4xx_it.o(i.BusFault_Handler)
    DebugMon_Handler                         0x08000819   Thumb Code     2  stm32f4xx_it.o(i.DebugMon_Handler)
    Error_Handler                            0x080008d1   Thumb Code     8  main.o(i.Error_Handler)
    FMC_SDRAM_Init                           0x080008d9   Thumb Code    58  stm32f4xx_ll_fmc.o(i.FMC_SDRAM_Init)
    FMC_SDRAM_ProgramRefreshRate             0x08000913   Thumb Code    12  stm32f4xx_ll_fmc.o(i.FMC_SDRAM_ProgramRefreshRate)
    FMC_SDRAM_SendCommand                    0x0800091f   Thumb Code    74  stm32f4xx_ll_fmc.o(i.FMC_SDRAM_SendCommand)
    FMC_SDRAM_Timing_Init                    0x08000969   Thumb Code   100  stm32f4xx_ll_fmc.o(i.FMC_SDRAM_Timing_Init)
    HAL_DMA2D_ConfigLayer                    0x080009cd   Thumb Code   216  stm32f4xx_hal_dma2d.o(i.HAL_DMA2D_ConfigLayer)
    HAL_DMA2D_Init                           0x08000aa9   Thumb Code    86  stm32f4xx_hal_dma2d.o(i.HAL_DMA2D_Init)
    HAL_DMA2D_MspInit                        0x08000aff   Thumb Code     2  stm32f4xx_hal_dma2d.o(i.HAL_DMA2D_MspInit)
    HAL_DMA2D_PollForTransfer                0x08000b01   Thumb Code   224  stm32f4xx_hal_dma2d.o(i.HAL_DMA2D_PollForTransfer)
    HAL_DMA2D_Start                          0x08000be1   Thumb Code    62  stm32f4xx_hal_dma2d.o(i.HAL_DMA2D_Start)
    HAL_DMA_DeInit                           0x08000c21   Thumb Code  2498  stm32f4xx_hal_dma.o(i.HAL_DMA_DeInit)
    HAL_DMA_Init                             0x080015ed   Thumb Code   108  stm32f4xx_hal_dma.o(i.HAL_DMA_Init)
    HAL_Delay                                0x0800165d   Thumb Code    22  stm32f4xx_hal.o(i.HAL_Delay)
    HAL_GPIO_Init                            0x08001675   Thumb Code   404  stm32f4xx_hal_gpio.o(i.HAL_GPIO_Init)
    HAL_GPIO_WritePin                        0x0800183d   Thumb Code    10  stm32f4xx_hal_gpio.o(i.HAL_GPIO_WritePin)
    HAL_GetTick                              0x08001849   Thumb Code     6  stm32f4xx_hal.o(i.HAL_GetTick)
    HAL_IncTick                              0x08001855   Thumb Code    10  stm32f4xx_hal.o(i.HAL_IncTick)
    HAL_Init                                 0x08001865   Thumb Code    48  stm32f4xx_hal.o(i.HAL_Init)
    HAL_InitTick                             0x08001899   Thumb Code    34  stm32f4xx_hal.o(i.HAL_InitTick)
    HAL_LTDC_ConfigLayer                     0x080018bb   Thumb Code    82  stm32f4xx_hal_ltdc.o(i.HAL_LTDC_ConfigLayer)
    HAL_LTDC_Init                            0x0800190d   Thumb Code   244  stm32f4xx_hal_ltdc.o(i.HAL_LTDC_Init)
    HAL_LTDC_MspInit                         0x08001a05   Thumb Code     2  stm32f4xx_hal_ltdc.o(i.HAL_LTDC_MspInit)
    HAL_MspInit                              0x08001a07   Thumb Code     2  stm32f4xx_hal.o(i.HAL_MspInit)
    HAL_NVIC_EnableIRQ                       0x08001a09   Thumb Code    24  stm32f4xx_hal_cortex.o(i.HAL_NVIC_EnableIRQ)
    HAL_NVIC_SetPriority                     0x08001a21   Thumb Code    60  stm32f4xx_hal_cortex.o(i.HAL_NVIC_SetPriority)
    HAL_NVIC_SetPriorityGrouping             0x08001a61   Thumb Code    26  stm32f4xx_hal_cortex.o(i.HAL_NVIC_SetPriorityGrouping)
    HAL_PWREx_ActivateOverDrive              0x08001a85   Thumb Code    90  stm32f4xx_hal_pwr_ex.o(i.HAL_PWREx_ActivateOverDrive)
    HAL_RCCEx_PeriphCLKConfig                0x08001aed   Thumb Code   594  stm32f4xx_hal_rcc_ex.o(i.HAL_RCCEx_PeriphCLKConfig)
    HAL_RCC_ClockConfig                      0x08001d65   Thumb Code   432  stm32f4xx_hal_rcc.o(i.HAL_RCC_ClockConfig)
    HAL_RCC_GetHCLKFreq                      0x08001f1d   Thumb Code    38  stm32f4xx_hal_rcc.o(i.HAL_RCC_GetHCLKFreq)
    HAL_RCC_GetSysClockFreq                  0x08001f51   Thumb Code   120  stm32f4xx_hal_rcc.o(i.HAL_RCC_GetSysClockFreq)
    HAL_RCC_OscConfig                        0x08001fd5   Thumb Code   802  stm32f4xx_hal_rcc.o(i.HAL_RCC_OscConfig)
    HAL_RTCEx_BKUPRead                       0x0800230d   Thumb Code    10  stm32f4xx_hal_rtc_ex.o(i.HAL_RTCEx_BKUPRead)
    HAL_RTCEx_BKUPWrite                      0x08002317   Thumb Code    10  stm32f4xx_hal_rtc_ex.o(i.HAL_RTCEx_BKUPWrite)
    HAL_RTC_GetDate                          0x08002321   Thumb Code    62  stm32f4xx_hal_rtc.o(i.HAL_RTC_GetDate)
    HAL_RTC_GetTime                          0x08002365   Thumb Code    72  stm32f4xx_hal_rtc.o(i.HAL_RTC_GetTime)
    HAL_RTC_Init                             0x080023b1   Thumb Code   146  stm32f4xx_hal_rtc.o(i.HAL_RTC_Init)
    HAL_RTC_MspInit                          0x08002449   Thumb Code    58  stm32f4xx_hal_msp.o(i.HAL_RTC_MspInit)
    HAL_RTC_SetDate                          0x08002489   Thumb Code   204  stm32f4xx_hal_rtc.o(i.HAL_RTC_SetDate)
    HAL_RTC_SetTime                          0x08002559   Thumb Code   236  stm32f4xx_hal_rtc.o(i.HAL_RTC_SetTime)
    HAL_RTC_WaitForSynchro                   0x08002649   Thumb Code    54  stm32f4xx_hal_rtc.o(i.HAL_RTC_WaitForSynchro)
    HAL_SDRAM_Init                           0x0800267f   Thumb Code    60  stm32f4xx_hal_sdram.o(i.HAL_SDRAM_Init)
    HAL_SDRAM_MspInit                        0x080026bb   Thumb Code     2  stm32f4xx_hal_sdram.o(i.HAL_SDRAM_MspInit)
    HAL_SDRAM_ProgramRefreshRate             0x080026bd   Thumb Code    34  stm32f4xx_hal_sdram.o(i.HAL_SDRAM_ProgramRefreshRate)
    HAL_SDRAM_SendCommand                    0x080026e1   Thumb Code    48  stm32f4xx_hal_sdram.o(i.HAL_SDRAM_SendCommand)
    HAL_SYSTICK_Config                       0x08002711   Thumb Code    40  stm32f4xx_hal_cortex.o(i.HAL_SYSTICK_Config)
    HardFault_Handler                        0x08002739   Thumb Code     2  stm32f4xx_it.o(i.HardFault_Handler)
    MemManage_Handler                        0x080028f5   Thumb Code     2  stm32f4xx_it.o(i.MemManage_Handler)
    NMI_Handler                              0x080029bd   Thumb Code     2  stm32f4xx_it.o(i.NMI_Handler)
    PendSV_Handler                           0x080029e1   Thumb Code     2  stm32f4xx_it.o(i.PendSV_Handler)
    RTC_Bcd2ToByte                           0x080029e3   Thumb Code    18  stm32f4xx_hal_rtc.o(i.RTC_Bcd2ToByte)
    RTC_ByteToBcd2                           0x080029f5   Thumb Code    22  stm32f4xx_hal_rtc.o(i.RTC_ByteToBcd2)
    RTC_EnterInitMode                        0x08002b49   Thumb Code    58  stm32f4xx_hal_rtc.o(i.RTC_EnterInitMode)
    SVC_Handler                              0x08002ca5   Thumb Code     2  stm32f4xx_it.o(i.SVC_Handler)
    SysTick_Handler                          0x08002ca7   Thumb Code     4  stm32f4xx_it.o(i.SysTick_Handler)
    SystemInit                               0x08002d21   Thumb Code    66  system_stm32f4xx.o(i.SystemInit)
    UsageFault_Handler                       0x08002d75   Thumb Code     2  stm32f4xx_it.o(i.UsageFault_Handler)
    __scatterload_copy                       0x08002d77   Thumb Code    14  handlers.o(i.__scatterload_copy)
    __scatterload_null                       0x08002d85   Thumb Code     2  handlers.o(i.__scatterload_null)
    __scatterload_zeroinit                   0x08002d87   Thumb Code    14  handlers.o(i.__scatterload_zeroinit)
    main                                     0x08002d95   Thumb Code   184  main.o(i.main)
    COM_TX_PIN                               0x08002e80   Data           2  stm324x9i_eval.o(.constdata)
    COM_RX_PIN                               0x08002e82   Data           2  stm324x9i_eval.o(.constdata)
    COM_TX_AF                                0x08002e84   Data           2  stm324x9i_eval.o(.constdata)
    COM_RX_AF                                0x08002e86   Data           2  stm324x9i_eval.o(.constdata)
    BUTTON_PIN                               0x08002e88   Data           6  stm324x9i_eval.o(.constdata)
    BUTTON_IRQn                              0x08002e8e   Data           6  stm324x9i_eval.o(.constdata)
    GPIO_PIN                                 0x08002e94   Data           8  stm324x9i_eval.o(.constdata)
    Font24_Table                             0x08002e9c   Data        6840  stm324x9i_eval_lcd.o(.constdata)
    APBAHBPrescTable                         0x08004954   Data          16  stm32f4xx_hal_rcc.o(.constdata)
    Region$$Table$$Base                      0x08004964   Number         0  anon$$obj.o(Region$$Table)
    Region$$Table$$Limit                     0x08004984   Number         0  anon$$obj.o(Region$$Table)
    COM_USART                                0x20000004   Data           4  stm324x9i_eval.o(.data)
    COM_TX_PORT                              0x20000008   Data           4  stm324x9i_eval.o(.data)
    COM_RX_PORT                              0x2000000c   Data           4  stm324x9i_eval.o(.data)
    GPIO_PORT                                0x20000010   Data          16  stm324x9i_eval.o(.data)
    BUTTON_PORT                              0x20000020   Data          12  stm324x9i_eval.o(.data)
    Font24                                   0x20000034   Data           8  stm324x9i_eval_lcd.o(.data)
    SystemCoreClock                          0x2000003c   Data           4  system_stm32f4xx.o(.data)
    AHBPrescTable                            0x20000040   Data          16  system_stm32f4xx.o(.data)
    RtcHandle                                0x20000234   Data          32  main.o(.bss)
    __initial_sp                             0x20000658   Data           0  startup_stm32f429xx.o(STACK)



==============================================================================

Memory Map of the image

  Image Entry point : 0x080001ad

  Load Region LR_IROM1 (Base: 0x08000000, Size: 0x000049d8, Max: 0x00100000, ABSOLUTE)

    Execution Region ER_IROM1 (Base: 0x08000000, Size: 0x00004984, Max: 0x00100000, ABSOLUTE)

    Base Addr    Size         Type   Attr      Idx    E Section Name        Object

    0x08000000   0x000001ac   Data   RO         3686    RESET               startup_stm32f429xx.o
    0x080001ac   0x00000000   Code   RO         3846  * .ARM.Collect$$$$00000000  mc_w.l(entry.o)
    0x080001ac   0x00000004   Code   RO         3853    .ARM.Collect$$$$00000001  mc_w.l(entry2.o)
    0x080001b0   0x00000004   Code   RO         3856    .ARM.Collect$$$$00000004  mc_w.l(entry5.o)
    0x080001b4   0x00000000   Code   RO         3858    .ARM.Collect$$$$00000008  mc_w.l(entry7b.o)
    0x080001b4   0x00000000   Code   RO         3860    .ARM.Collect$$$$0000000A  mc_w.l(entry8b.o)
    0x080001b4   0x00000008   Code   RO         3861    .ARM.Collect$$$$0000000B  mc_w.l(entry9a.o)
    0x080001bc   0x00000000   Code   RO         3863    .ARM.Collect$$$$0000000D  mc_w.l(entry10a.o)
    0x080001bc   0x00000000   Code   RO         3865    .ARM.Collect$$$$0000000F  mc_w.l(entry11a.o)
    0x080001bc   0x00000004   Code   RO         3854    .ARM.Collect$$$$00002712  mc_w.l(entry2.o)
    0x080001c0   0x00000024   Code   RO         3687    .text               startup_stm32f429xx.o
    0x080001e4   0x00000024   Code   RO         3849    .text               mc_w.l(memcpya.o)
    0x08000208   0x00000024   Code   RO         3867    .text               mc_w.l(init.o)
    0x0800022c   0x00000038   Code   RO          889    i.BSP_LCD_Clear     stm324x9i_eval_lcd.o
    0x08000264   0x0000005c   Code   RO          890    i.BSP_LCD_ClearStringLine  stm324x9i_eval_lcd.o
    0x080002c0   0x00000034   Code   RO          891    i.BSP_LCD_DisplayChar  stm324x9i_eval_lcd.o
    0x080002f4   0x000000bc   Code   RO          894    i.BSP_LCD_DisplayStringAt  stm324x9i_eval_lcd.o
    0x080003b0   0x0000001c   Code   RO          895    i.BSP_LCD_DisplayStringAtLine  stm324x9i_eval_lcd.o
    0x080003cc   0x00000030   Code   RO          901    i.BSP_LCD_DrawPixel  stm324x9i_eval_lcd.o
    0x080003fc   0x00000068   Code   RO          908    i.BSP_LCD_FillRect  stm324x9i_eval_lcd.o
    0x08000464   0x0000001c   Code   RO          910    i.BSP_LCD_GetFont   stm324x9i_eval_lcd.o
    0x08000480   0x00000020   Code   RO          912    i.BSP_LCD_GetXSize  stm324x9i_eval_lcd.o
    0x080004a0   0x00000020   Code   RO          913    i.BSP_LCD_GetYSize  stm324x9i_eval_lcd.o
    0x080004c0   0x0000008c   Code   RO          914    i.BSP_LCD_Init      stm324x9i_eval_lcd.o
    0x0800054c   0x0000007c   Code   RO          915    i.BSP_LCD_LayerDefaultInit  stm324x9i_eval_lcd.o
    0x080005c8   0x0000000c   Code   RO          918    i.BSP_LCD_SelectLayer  stm324x9i_eval_lcd.o
    0x080005d4   0x0000001c   Code   RO          919    i.BSP_LCD_SetBackColor  stm324x9i_eval_lcd.o
    0x080005f0   0x0000001c   Code   RO          921    i.BSP_LCD_SetFont   stm324x9i_eval_lcd.o
    0x0800060c   0x00000018   Code   RO          925    i.BSP_LCD_SetTextColor  stm324x9i_eval_lcd.o
    0x08000624   0x0000004c   Code   RO          429    i.BSP_LED_Init      stm324x9i_eval.o
    0x08000670   0x0000001c   Code   RO          431    i.BSP_LED_On        stm324x9i_eval.o
    0x0800068c   0x00000074   Code   RO          817    i.BSP_SDRAM_Init    stm324x9i_eval_sdram.o
    0x08000700   0x00000088   Code   RO          818    i.BSP_SDRAM_Initialization_sequence  stm324x9i_eval_sdram.o
    0x08000788   0x00000002   Code   RO         3777    i.BusFault_Handler  stm32f4xx_it.o
    0x0800078a   0x0000008e   Code   RO         3547    i.DMA2D_SetConfig   stm32f4xx_hal_dma2d.o
    0x08000818   0x00000002   Code   RO         3778    i.DebugMon_Handler  stm32f4xx_it.o
    0x0800081a   0x00000002   PAD
    0x0800081c   0x000000b4   Code   RO          927    i.DrawChar          stm324x9i_eval_lcd.o
    0x080008d0   0x00000008   Code   RO         3693    i.Error_Handler     main.o
    0x080008d8   0x0000003a   Code   RO         3050    i.FMC_SDRAM_Init    stm32f4xx_ll_fmc.o
    0x08000912   0x0000000c   Code   RO         3051    i.FMC_SDRAM_ProgramRefreshRate  stm32f4xx_ll_fmc.o
    0x0800091e   0x0000004a   Code   RO         3052    i.FMC_SDRAM_SendCommand  stm32f4xx_ll_fmc.o
    0x08000968   0x00000064   Code   RO         3054    i.FMC_SDRAM_Timing_Init  stm32f4xx_ll_fmc.o
    0x080009cc   0x000000dc   Code   RO         3552    i.HAL_DMA2D_ConfigLayer  stm32f4xx_hal_dma2d.o
    0x08000aa8   0x00000056   Code   RO         3559    i.HAL_DMA2D_Init    stm32f4xx_hal_dma2d.o
    0x08000afe   0x00000002   Code   RO         3561    i.HAL_DMA2D_MspInit  stm32f4xx_hal_dma2d.o
    0x08000b00   0x000000e0   Code   RO         3562    i.HAL_DMA2D_PollForTransfer  stm32f4xx_hal_dma2d.o
    0x08000be0   0x0000003e   Code   RO         3565    i.HAL_DMA2D_Start   stm32f4xx_hal_dma2d.o
    0x08000c1e   0x00000002   PAD
    0x08000c20   0x000009cc   Code   RO         1505    i.HAL_DMA_DeInit    stm32f4xx_hal_dma.o
    0x080015ec   0x00000070   Code   RO         1509    i.HAL_DMA_Init      stm32f4xx_hal_dma.o
    0x0800165c   0x00000016   Code   RO         1237    i.HAL_Delay         stm32f4xx_hal.o
    0x08001672   0x00000002   PAD
    0x08001674   0x000001c8   Code   RO         1820    i.HAL_GPIO_Init     stm32f4xx_hal_gpio.o
    0x0800183c   0x0000000a   Code   RO         1824    i.HAL_GPIO_WritePin  stm32f4xx_hal_gpio.o
    0x08001846   0x00000002   PAD
    0x08001848   0x0000000c   Code   RO         1251    i.HAL_GetTick       stm32f4xx_hal.o
    0x08001854   0x00000010   Code   RO         1252    i.HAL_IncTick       stm32f4xx_hal.o
    0x08001864   0x00000034   Code   RO         1253    i.HAL_Init          stm32f4xx_hal.o
    0x08001898   0x00000022   Code   RO         1254    i.HAL_InitTick      stm32f4xx_hal.o
    0x080018ba   0x00000052   Code   RO         3234    i.HAL_LTDC_ConfigLayer  stm32f4xx_hal_ltdc.o
    0x0800190c   0x000000f8   Code   RO         3246    i.HAL_LTDC_Init     stm32f4xx_hal_ltdc.o
    0x08001a04   0x00000002   Code   RO         3249    i.HAL_LTDC_MspInit  stm32f4xx_hal_ltdc.o
    0x08001a06   0x00000002   Code   RO         1256    i.HAL_MspInit       stm32f4xx_hal.o
    0x08001a08   0x00000018   Code   RO         1392    i.HAL_NVIC_EnableIRQ  stm32f4xx_hal_cortex.o
    0x08001a20   0x00000040   Code   RO         1398    i.HAL_NVIC_SetPriority  stm32f4xx_hal_cortex.o
    0x08001a60   0x00000024   Code   RO         1399    i.HAL_NVIC_SetPriorityGrouping  stm32f4xx_hal_cortex.o
    0x08001a84   0x00000068   Code   RO         2269    i.HAL_PWREx_ActivateOverDrive  stm32f4xx_hal_pwr_ex.o
    0x08001aec   0x00000278   Code   RO         3207    i.HAL_RCCEx_PeriphCLKConfig  stm32f4xx_hal_rcc_ex.o
    0x08001d64   0x000001b8   Code   RO         2326    i.HAL_RCC_ClockConfig  stm32f4xx_hal_rcc.o
    0x08001f1c   0x00000034   Code   RO         2331    i.HAL_RCC_GetHCLKFreq  stm32f4xx_hal_rcc.o
    0x08001f50   0x00000084   Code   RO         2335    i.HAL_RCC_GetSysClockFreq  stm32f4xx_hal_rcc.o
    0x08001fd4   0x00000338   Code   RO         2338    i.HAL_RCC_OscConfig  stm32f4xx_hal_rcc.o
    0x0800230c   0x0000000a   Code   RO         2560    i.HAL_RTCEx_BKUPRead  stm32f4xx_hal_rtc_ex.o
    0x08002316   0x0000000a   Code   RO         2561    i.HAL_RTCEx_BKUPWrite  stm32f4xx_hal_rtc_ex.o
    0x08002320   0x00000044   Code   RO         2431    i.HAL_RTC_GetDate   stm32f4xx_hal_rtc.o
    0x08002364   0x0000004c   Code   RO         2433    i.HAL_RTC_GetTime   stm32f4xx_hal_rtc.o
    0x080023b0   0x00000098   Code   RO         2434    i.HAL_RTC_Init      stm32f4xx_hal_rtc.o
    0x08002448   0x00000040   Code   RO         3752    i.HAL_RTC_MspInit   stm32f4xx_hal_msp.o
    0x08002488   0x000000d0   Code   RO         2440    i.HAL_RTC_SetDate   stm32f4xx_hal_rtc.o
    0x08002558   0x000000f0   Code   RO         2441    i.HAL_RTC_SetTime   stm32f4xx_hal_rtc.o
    0x08002648   0x00000036   Code   RO         2442    i.HAL_RTC_WaitForSynchro  stm32f4xx_hal_rtc.o
    0x0800267e   0x0000003c   Code   RO         3401    i.HAL_SDRAM_Init    stm32f4xx_hal_sdram.o
    0x080026ba   0x00000002   Code   RO         3403    i.HAL_SDRAM_MspInit  stm32f4xx_hal_sdram.o
    0x080026bc   0x00000022   Code   RO         3404    i.HAL_SDRAM_ProgramRefreshRate  stm32f4xx_hal_sdram.o
    0x080026de   0x00000002   PAD
    0x080026e0   0x00000030   Code   RO         3410    i.HAL_SDRAM_SendCommand  stm32f4xx_hal_sdram.o
    0x08002710   0x00000028   Code   RO         1403    i.HAL_SYSTICK_Config  stm32f4xx_hal_cortex.o
    0x08002738   0x00000002   Code   RO         3779    i.HardFault_Handler  stm32f4xx_it.o
    0x0800273a   0x00000002   PAD
    0x0800273c   0x00000060   Code   RO          930    i.LL_FillBuffer     stm324x9i_eval_lcd.o
    0x0800279c   0x00000158   Code   RO         3256    i.LTDC_SetConfig    stm32f4xx_hal_ltdc.o
    0x080028f4   0x00000002   Code   RO         3780    i.MemManage_Handler  stm32f4xx_it.o
    0x080028f6   0x00000002   PAD
    0x080028f8   0x000000c4   Code   RO          931    i.MspInit           stm324x9i_eval_lcd.o
    0x080029bc   0x00000002   Code   RO         3781    i.NMI_Handler       stm32f4xx_it.o
    0x080029be   0x00000002   PAD
    0x080029c0   0x00000020   Code   RO         1405    i.NVIC_SetPriority  stm32f4xx_hal_cortex.o
    0x080029e0   0x00000002   Code   RO         3782    i.PendSV_Handler    stm32f4xx_it.o
    0x080029e2   0x00000012   Code   RO         2443    i.RTC_Bcd2ToByte    stm32f4xx_hal_rtc.o
    0x080029f4   0x00000016   Code   RO         2444    i.RTC_ByteToBcd2    stm32f4xx_hal_rtc.o
    0x08002a0a   0x00000002   PAD
    0x08002a0c   0x00000060   Code   RO         3694    i.RTC_CalendarConfig  main.o
    0x08002a6c   0x000000dc   Code   RO         3695    i.RTC_CalendarShow  main.o
    0x08002b48   0x0000003a   Code   RO         2445    i.RTC_EnterInitMode  stm32f4xx_hal_rtc.o
    0x08002b82   0x00000002   PAD
    0x08002b84   0x00000120   Code   RO          824    i.SDRAM_MspInit     stm324x9i_eval_sdram.o
    0x08002ca4   0x00000002   Code   RO         3783    i.SVC_Handler       stm32f4xx_it.o
    0x08002ca6   0x00000004   Code   RO         3784    i.SysTick_Handler   stm32f4xx_it.o
    0x08002caa   0x00000002   PAD
    0x08002cac   0x00000074   Code   RO         3696    i.SystemClock_Config  main.o
    0x08002d20   0x00000054   Code   RO         1205    i.SystemInit        system_stm32f4xx.o
    0x08002d74   0x00000002   Code   RO         3785    i.UsageFault_Handler  stm32f4xx_it.o
    0x08002d76   0x0000000e   Code   RO         3871    i.__scatterload_copy  mc_w.l(handlers.o)
    0x08002d84   0x00000002   Code   RO         3872    i.__scatterload_null  mc_w.l(handlers.o)
    0x08002d86   0x0000000e   Code   RO         3873    i.__scatterload_zeroinit  mc_w.l(handlers.o)
    0x08002d94   0x000000ec   Code   RO         3697    i.main              main.o
    0x08002e80   0x0000001c   Data   RO          458    .constdata          stm324x9i_eval.o
    0x08002e9c   0x00001ab8   Data   RO          933    .constdata          stm324x9i_eval_lcd.o
    0x08004954   0x00000010   Data   RO         2339    .constdata          stm32f4xx_hal_rcc.o
    0x08004964   0x00000020   Data   RO         3869    Region$$Table       anon$$obj.o


    Execution Region RW_IRAM1 (Base: 0x20000000, Size: 0x00000658, Max: 0x00030000, ABSOLUTE)

    Base Addr    Size         Type   Attr      Idx    E Section Name        Object

    0x20000000   0x0000002c   Data   RW          459    .data               stm324x9i_eval.o
    0x2000002c   0x00000001   Data   RW          826    .data               stm324x9i_eval_sdram.o
    0x2000002d   0x00000003   PAD
    0x20000030   0x0000000c   Data   RW          938    .data               stm324x9i_eval_lcd.o
    0x2000003c   0x00000014   Data   RW         1206    .data               system_stm32f4xx.o
    0x20000050   0x00000004   Data   RW         1259    .data               stm32f4xx_hal.o
    0x20000054   0x000000b0   Zero   RW          825    .bss                stm324x9i_eval_sdram.o
    0x20000104   0x00000130   Zero   RW          932    .bss                stm324x9i_eval_lcd.o
    0x20000234   0x00000020   Zero   RW         3698    .bss                main.o
    0x20000254   0x00000004   PAD
    0x20000258   0x00000400   Zero   RW         3684    STACK               startup_stm32f429xx.o


==============================================================================

Image component sizes


      Code (inc. data)   RO Data    RW Data    ZI Data      Debug   Object Name

       676         98          0          0         32       3863   main.o
        36          8        428          0       1024        828   startup_stm32f429xx.o
       104         22         28         44          0     404072   stm324x9i_eval.o
      1488        178       6840         12        304      19189   stm324x9i_eval_lcd.o
       540         54          0          1        176       3077   stm324x9i_eval_sdram.o
       138         16          0          4          0       5036   stm32f4xx_hal.o
       196         24          0          0          0      30055   stm32f4xx_hal_cortex.o
      2620         38          0          0          0       2468   stm32f4xx_hal_dma.o
       736          4          0          0          0       5491   stm32f4xx_hal_dma2d.o
       466         52          0          0          0       3260   stm32f4xx_hal_gpio.o
       676          4          0          0          0       3506   stm32f4xx_hal_ltdc.o
        64          6          0          0          0        966   stm32f4xx_hal_msp.o
       104         14          0          0          0        806   stm32f4xx_hal_pwr_ex.o
      1448         56         16          0          0       5169   stm32f4xx_hal_rcc.o
       632         38          0          0          0       1692   stm32f4xx_hal_rcc_ex.o
       896         24          0          0          0       7444   stm32f4xx_hal_rtc.o
        20          0          0          0          0       1791   stm32f4xx_hal_rtc_ex.o
       144          0          0          0          0       3340   stm32f4xx_hal_sdram.o
        20          0          0          0          0       4358   stm32f4xx_it.o
       244          0          0          0          0       3496   stm32f4xx_ll_fmc.o
         0          0          0          0          0       4212   stmpe1600.o
        84         18          0         20          0       1209   system_stm32f4xx.o

    ----------------------------------------------------------------------
     11354        654       7344         84       1540     515328   Object Totals
         0          0         32          0          0          0   (incl. Generated)
        22          0          0          3          4          0   (incl. Padding)

    ----------------------------------------------------------------------

      Code (inc. data)   RO Data    RW Data    ZI Data      Debug   Library Member Name

         0          0          0          0          0          0   entry.o
         0          0          0          0          0          0   entry10a.o
         0          0          0          0          0          0   entry11a.o
         8          4          0          0          0          0   entry2.o
         4          0          0          0          0          0   entry5.o
         0          0          0          0          0          0   entry7b.o
         0          0          0          0          0          0   entry8b.o
         8          4          0          0          0          0   entry9a.o
        30          0          0          0          0          0   handlers.o
        36          8          0          0          0         68   init.o
        36          0          0          0          0         68   memcpya.o

    ----------------------------------------------------------------------
       122         16          0          0          0        136   Library Totals
         0          0          0          0          0          0   (incl. Padding)

    ----------------------------------------------------------------------

      Code (inc. data)   RO Data    RW Data    ZI Data      Debug   Library Name

       122         16          0          0          0        136   mc_w.l

    ----------------------------------------------------------------------
       122         16          0          0          0        136   Library Totals

    ----------------------------------------------------------------------

==============================================================================


      Code (inc. data)   RO Data    RW Data    ZI Data      Debug   

     11476        670       7344         84       1540     507064   Grand Totals
     11476        670       7344         84       1540     507064   ELF Image Totals
     11476        670       7344         84          0          0   ROM Totals

==============================================================================

    Total RO  Size (Code + RO Data)                18820 (  18.38kB)
    Total RW  Size (RW Data + ZI Data)              1624 (   1.59kB)
    Total ROM Size (Code + RO Data + RW Data)      18904 (  18.46kB)

==============================================================================

